<?xml version="1.0" encoding="UTF-8"?>
<testsuites name="jest tests" tests="659" failures="0" errors="0" time="3.115">
  <testsuite name="StarRating" errors="0" failures="0" skipped="0" timestamp="2025-12-18T08:40:34" time="1.04" tests="14">
    <testcase classname="StarRating renders 5 stars by default" name="StarRating renders 5 stars by default" time="0.108">
    </testcase>
    <testcase classname="StarRating renders custom number of stars" name="StarRating renders custom number of stars" time="0.008">
    </testcase>
    <testcase classname="StarRating calls setRating when star is clicked" name="StarRating calls setRating when star is clicked" time="0.067">
    </testcase>
    <testcase classname="StarRating shows thank you message when hasRated is true" name="StarRating shows thank you message when hasRated is true" time="0.011">
    </testcase>
    <testcase classname="StarRating shows rating count when totalRatings &gt; 0" name="StarRating shows rating count when totalRatings &gt; 0" time="0.003">
    </testcase>
    <testcase classname="StarRating shows singular &apos;rating&apos; for 1 rating" name="StarRating shows singular &apos;rating&apos; for 1 rating" time="0.002">
    </testcase>
    <testcase classname="StarRating handles keyboard navigation with Enter" name="StarRating handles keyboard navigation with Enter" time="0.049">
    </testcase>
    <testcase classname="StarRating handles keyboard navigation with Space" name="StarRating handles keyboard navigation with Space" time="0.008">
    </testcase>
    <testcase classname="StarRating has proper accessibility attributes" name="StarRating has proper accessibility attributes" time="0.06">
    </testcase>
    <testcase classname="StarRating applies hover state on mouse enter" name="StarRating applies hover state on mouse enter" time="0.01">
    </testcase>
    <testcase classname="StarRating does not show count when showCount is false" name="StarRating does not show count when showCount is false" time="0.007">
    </testcase>
    <testcase classname="StarRating does not show average when showAverage is false" name="StarRating does not show average when showAverage is false" time="0.006">
    </testcase>
    <testcase classname="StarRating applies custom className" name="StarRating applies custom className" time="0.004">
    </testcase>
    <testcase classname="StarRating applies different size classes" name="StarRating applies different size classes" time="0.002">
    </testcase>
  </testsuite>
  <testsuite name="BlogPost Page" errors="0" failures="0" skipped="0" timestamp="2025-12-18T08:40:34" time="1.059" tests="4">
    <testcase classname="BlogPost Page generateStaticParams returns array of slug params" name="BlogPost Page generateStaticParams returns array of slug params" time="0.002">
    </testcase>
    <testcase classname="BlogPost Page generateStaticParams returns empty array on error" name="BlogPost Page generateStaticParams returns empty array on error" time="0.032">
    </testcase>
    <testcase classname="BlogPost Page BlogPost Component renders post content successfully" name="BlogPost Page BlogPost Component renders post content successfully" time="0.069">
    </testcase>
    <testcase classname="BlogPost Page BlogPost Component renders not found when post does not exist" name="BlogPost Page BlogPost Component renders not found when post does not exist" time="0.002">
    </testcase>
  </testsuite>
  <testsuite name="CodeBlock" errors="0" failures="0" skipped="0" timestamp="2025-12-18T08:40:34" time="1.091" tests="15">
    <testcase classname="CodeBlock renders code content with syntax highlighting" name="CodeBlock renders code content with syntax highlighting" time="0.06">
    </testcase>
    <testcase classname="CodeBlock shows language badge" name="CodeBlock shows language badge" time="0.034">
    </testcase>
    <testcase classname="CodeBlock normalizes language names" name="CodeBlock normalizes language names" time="0.017">
    </testcase>
    <testcase classname="CodeBlock renders copy button" name="CodeBlock renders copy button" time="0.017">
    </testcase>
    <testcase classname="CodeBlock copies code to clipboard when copy button is clicked" name="CodeBlock copies code to clipboard when copy button is clicked" time="0.007">
    </testcase>
    <testcase classname="CodeBlock shows Copied! label after copying" name="CodeBlock shows Copied! label after copying" time="0.083">
    </testcase>
    <testcase classname="CodeBlock shows line numbers by default" name="CodeBlock shows line numbers by default" time="0.006">
    </testcase>
    <testcase classname="CodeBlock hides line numbers when showLineNumbers is false" name="CodeBlock hides line numbers when showLineNumbers is false" time="0.002">
    </testcase>
    <testcase classname="CodeBlock handles clipboard error gracefully" name="CodeBlock handles clipboard error gracefully" time="0.056">
    </testcase>
    <testcase classname="CodeBlockLegacy extracts language from className" name="CodeBlockLegacy extracts language from className" time="0.003">
    </testcase>
    <testcase classname="CodeBlockLegacy extracts text from children" name="CodeBlockLegacy extracts text from children" time="0.005">
    </testcase>
    <testcase classname="CodeBlockLegacy handles nested elements in extractText" name="CodeBlockLegacy handles nested elements in extractText" time="0.005">
    </testcase>
    <testcase classname="CodeBlockLegacy handles number children" name="CodeBlockLegacy handles number children" time="0.007">
    </testcase>
    <testcase classname="CodeBlockLegacy handles array children" name="CodeBlockLegacy handles array children" time="0.006">
    </testcase>
    <testcase classname="CodeBlockLegacy defaults to text language when no className" name="CodeBlockLegacy defaults to text language when no className" time="0.003">
    </testcase>
  </testsuite>
  <testsuite name="NewsletterForm" errors="0" failures="0" skipped="0" timestamp="2025-12-18T08:40:34" time="1.087" tests="11">
    <testcase classname="NewsletterForm renders form with default title and description" name="NewsletterForm renders form with default title and description" time="0.094">
    </testcase>
    <testcase classname="NewsletterForm renders custom title and description" name="NewsletterForm renders custom title and description" time="0.009">
    </testcase>
    <testcase classname="NewsletterForm has accessible email input" name="NewsletterForm has accessible email input" time="0.004">
    </testcase>
    <testcase classname="NewsletterForm shows error for invalid email" name="NewsletterForm shows error for invalid email" time="0.075">
    </testcase>
    <testcase classname="NewsletterForm calls custom onSubmit handler" name="NewsletterForm calls custom onSubmit handler" time="0.011">
    </testcase>
    <testcase classname="NewsletterForm shows success message after submission" name="NewsletterForm shows success message after submission" time="0.012">
    </testcase>
    <testcase classname="NewsletterForm shows custom success message" name="NewsletterForm shows custom success message" time="0.012">
    </testcase>
    <testcase classname="NewsletterForm shows error when submission fails" name="NewsletterForm shows error when submission fails" time="0.012">
    </testcase>
    <testcase classname="NewsletterForm shows error when no service is configured" name="NewsletterForm shows error when no service is configured" time="0.011">
    </testcase>
    <testcase classname="NewsletterForm disables button while submitting" name="NewsletterForm disables button while submitting" time="0.064">
    </testcase>
    <testcase classname="NewsletterForm applies custom className" name="NewsletterForm applies custom className" time="0.002">
    </testcase>
  </testsuite>
  <testsuite name="UI Components" errors="0" failures="0" skipped="0" timestamp="2025-12-18T08:40:34" time="1.12" tests="26">
    <testcase classname="UI Components AnimatedCounter renders with initial value 0 and animates to target" name="UI Components AnimatedCounter renders with initial value 0 and animates to target" time="0.035">
    </testcase>
    <testcase classname="UI Components AnimatedCounter renders with prefix and suffix" name="UI Components AnimatedCounter renders with prefix and suffix" time="0.004">
    </testcase>
    <testcase classname="UI Components AnimatedCounter renders with custom duration" name="UI Components AnimatedCounter renders with custom duration" time="0.002">
    </testcase>
    <testcase classname="UI Components FloatingActions renders but is initially hidden" name="UI Components FloatingActions renders but is initially hidden" time="0.029">
    </testcase>
    <testcase classname="UI Components FloatingActions shows after scroll" name="UI Components FloatingActions shows after scroll" time="0.009">
    </testcase>
    <testcase classname="UI Components LoadingScreen renders loading text" name="UI Components LoadingScreen renders loading text" time="0.052">
    </testcase>
    <testcase classname="UI Components ScrollProgress renders progress bar" name="UI Components ScrollProgress renders progress bar" time="0.009">
    </testcase>
    <testcase classname="UI Components ScrollReveal renders children" name="UI Components ScrollReveal renders children" time="0.007">
    </testcase>
    <testcase classname="UI Components ScrollReveal renders with custom delay" name="UI Components ScrollReveal renders with custom delay" time="0.002">
    </testcase>
    <testcase classname="UI Components ScrollReveal renders with custom direction" name="UI Components ScrollReveal renders with custom direction" time="0.001">
    </testcase>
    <testcase classname="UI Components Skeletons renders SectionSkeleton" name="UI Components Skeletons renders SectionSkeleton" time="0.002">
    </testcase>
    <testcase classname="UI Components Skeletons renders PortfolioSkeleton" name="UI Components Skeletons renders PortfolioSkeleton" time="0.003">
    </testcase>
    <testcase classname="UI Components Skeletons renders ExperienceSkeleton" name="UI Components Skeletons renders ExperienceSkeleton" time="0.003">
    </testcase>
    <testcase classname="UI Components Skeletons renders SkillsSkeleton" name="UI Components Skeletons renders SkillsSkeleton" time="0.009">
    </testcase>
    <testcase classname="UI Components Skeleton renders with custom class" name="UI Components Skeleton renders with custom class" time="0.008">
    </testcase>
    <testcase classname="UI Components Skeleton renders text variant" name="UI Components Skeleton renders text variant" time="0.002">
    </testcase>
    <testcase classname="UI Components Skeleton renders circle variant" name="UI Components Skeleton renders circle variant" time="0.001">
    </testcase>
    <testcase classname="UI Components Skeleton renders with custom width and height" name="UI Components Skeleton renders with custom width and height" time="0.003">
    </testcase>
    <testcase classname="UI Components ImageWithSkeleton renders image and shows skeleton while loading" name="UI Components ImageWithSkeleton renders image and shows skeleton while loading" time="0.001">
    </testcase>
    <testcase classname="UI Components ImageWithSkeleton hides skeleton after image loads" name="UI Components ImageWithSkeleton hides skeleton after image loads" time="0.004">
    </testcase>
    <testcase classname="UI Components ImageWithSkeleton hides skeleton on error" name="UI Components ImageWithSkeleton hides skeleton on error" time="0.004">
    </testcase>
    <testcase classname="UI Components ImageWithSkeleton renders with fill prop" name="UI Components ImageWithSkeleton renders with fill prop" time="0.001">
    </testcase>
    <testcase classname="UI Components TiltCard renders children" name="UI Components TiltCard renders children" time="0.001">
    </testcase>
    <testcase classname="UI Components TiltCard handles mouse move events" name="UI Components TiltCard handles mouse move events" time="0.004">
    </testcase>
    <testcase classname="UI Components TiltCard resets on mouse leave" name="UI Components TiltCard resets on mouse leave" time="0.002">
    </testcase>
    <testcase classname="UI Components WaveDivider renders SVG" name="UI Components WaveDivider renders SVG" time="0.001">
    </testcase>
  </testsuite>
  <testsuite name="Footer Component" errors="0" failures="0" skipped="0" timestamp="2025-12-18T08:40:34" time="1.219" tests="14">
    <testcase classname="Footer Component renders the footer element" name="Footer Component renders the footer element" time="0.135">
    </testcase>
    <testcase classname="Footer Component displays the logo" name="Footer Component displays the logo" time="0.018">
    </testcase>
    <testcase classname="Footer Component displays copyright text with current year" name="Footer Component displays copyright text with current year" time="0.041">
    </testcase>
    <testcase classname="Footer Component renders navigation links" name="Footer Component renders navigation links" time="0.012">
    </testcase>
    <testcase classname="Footer Component hides blog link when hasBlogPosts is false" name="Footer Component hides blog link when hasBlogPosts is false" time="0.01">
    </testcase>
    <testcase classname="Footer Component renders social media links" name="Footer Component renders social media links" time="0.034">
    </testcase>
    <testcase classname="Footer Component Back to Top button shows back-to-top button when scrolled down" name="Footer Component Back to Top button shows back-to-top button when scrolled down" time="0.042">
    </testcase>
    <testcase classname="Footer Component Back to Top button scrolls to top with smooth behavior by default" name="Footer Component Back to Top button scrolls to top with smooth behavior by default" time="0.025">
    </testcase>
    <testcase classname="Footer Component Back to Top button scrolls to top with auto behavior when reduced motion preferred" name="Footer Component Back to Top button scrolls to top with auto behavior when reduced motion preferred" time="0.026">
    </testcase>
    <testcase classname="Footer Component Back to Top button hides back-to-top button when at top of page" name="Footer Component Back to Top button hides back-to-top button when at top of page" time="0.016">
    </testcase>
    <testcase classname="Footer Component scroll event handling adds scroll listener on mount" name="Footer Component scroll event handling adds scroll listener on mount" time="0.006">
    </testcase>
    <testcase classname="Footer Component scroll event handling removes scroll listener on unmount" name="Footer Component scroll event handling removes scroll listener on unmount" time="0.007">
    </testcase>
    <testcase classname="Footer Component Newsletter Integration renders the newsletter form" name="Footer Component Newsletter Integration renders the newsletter form" time="0.004">
    </testcase>
    <testcase classname="Footer Component Newsletter Integration calls newsletter API on subscription" name="Footer Component Newsletter Integration calls newsletter API on subscription" time="0.052">
    </testcase>
  </testsuite>
  <testsuite name="Blog Component" errors="0" failures="0" skipped="0" timestamp="2025-12-18T08:40:35" time="0.238" tests="2">
    <testcase classname="Blog Component renders blog posts" name="Blog Component renders blog posts" time="0.033">
    </testcase>
    <testcase classname="Blog Component filters posts by category" name="Blog Component filters posts by category" time="0.109">
    </testcase>
  </testsuite>
  <testsuite name="ContactForm" errors="0" failures="0" skipped="0" timestamp="2025-12-18T08:40:34" time="1.255" tests="11">
    <testcase classname="ContactForm renders form fields" name="ContactForm renders form fields" time="0.11">
    </testcase>
    <testcase classname="ContactForm renders submit button" name="ContactForm renders submit button" time="0.07">
    </testcase>
    <testcase classname="ContactForm updates form data on input change" name="ContactForm updates form data on input change" time="0.025">
    </testcase>
    <testcase classname="ContactForm calls custom onSubmit handler" name="ContactForm calls custom onSubmit handler" time="0.053">
    </testcase>
    <testcase classname="ContactForm shows success message after successful submission" name="ContactForm shows success message after successful submission" time="0.056">
    </testcase>
    <testcase classname="ContactForm shows error message on submission failure" name="ContactForm shows error message on submission failure" time="0.044">
    </testcase>
    <testcase classname="ContactForm shows error when no submission handler is configured" name="ContactForm shows error when no submission handler is configured" time="0.047">
    </testcase>
    <testcase classname="ContactForm allows sending another message after success" name="ContactForm allows sending another message after success" time="0.033">
    </testcase>
    <testcase classname="ContactForm submits to Formspree when formspreeId is provided" name="ContactForm submits to Formspree when formspreeId is provided" time="0.049">
    </testcase>
    <testcase classname="ContactForm shows error when Formspree submission fails" name="ContactForm shows error when Formspree submission fails" time="0.026">
    </testcase>
    <testcase classname="ContactForm handles non-Error objects during submission failure" name="ContactForm handles non-Error objects during submission failure" time="0.02">
    </testcase>
  </testsuite>
  <testsuite name="Header Component" errors="0" failures="0" skipped="0" timestamp="2025-12-18T08:40:34" time="1.333" tests="11">
    <testcase classname="Header Component renders desktop navigation with all links when features enabled" name="Header Component renders desktop navigation with all links when features enabled" time="0.085">
    </testcase>
    <testcase classname="Header Component hides Portfolio link when feature disabled" name="Header Component hides Portfolio link when feature disabled" time="0.014">
    </testcase>
    <testcase classname="Header Component hides Blog link when hasBlogPosts is false" name="Header Component hides Blog link when hasBlogPosts is false" time="0.006">
    </testcase>
    <testcase classname="Header Component toggles language menu and handles outside click" name="Header Component toggles language menu and handles outside click" time="0.032">
    </testcase>
    <testcase classname="Header Component changes language on selection" name="Header Component changes language on selection" time="0.038">
    </testcase>
    <testcase classname="Header Component Mobile Menu opens and closes mobile menu" name="Header Component Mobile Menu opens and closes mobile menu" time="0.016">
    </testcase>
    <testcase classname="Header Component Mobile Menu closes mobile menu when link is clicked" name="Header Component Mobile Menu closes mobile menu when link is clicked" time="0.014">
    </testcase>
    <testcase classname="Header Component Scroll Spy &amp; Active Sections updates active section on scroll" name="Header Component Scroll Spy &amp; Active Sections updates active section on scroll" time="0.008">
    </testcase>
    <testcase classname="Header Component Scroll Spy &amp; Active Sections activates hash links correctly" name="Header Component Scroll Spy &amp; Active Sections activates hash links correctly" time="0.004">
    </testcase>
    <testcase classname="Header Component Scroll Spy &amp; Active Sections Calculates scroll progress" name="Header Component Scroll Spy &amp; Active Sections Calculates scroll progress" time="0.062">
    </testcase>
    <testcase classname="Header Component Scroll Spy &amp; Active Sections Detects scrolled state for background styling" name="Header Component Scroll Spy &amp; Active Sections Detects scrolled state for background styling" time="0.003">
    </testcase>
  </testsuite>
  <testsuite name="PortfolioPage" errors="0" failures="0" skipped="0" timestamp="2025-12-18T08:40:34" time="1.294" tests="9">
    <testcase classname="PortfolioPage renders header and footer" name="PortfolioPage renders header and footer" time="0.056">
    </testcase>
    <testcase classname="PortfolioPage renders page title" name="PortfolioPage renders page title" time="0.059">
    </testcase>
    <testcase classname="PortfolioPage renders category filters" name="PortfolioPage renders category filters" time="0.047">
    </testcase>
    <testcase classname="PortfolioPage filters projects when category is clicked" name="PortfolioPage filters projects when category is clicked" time="0.062">
    </testcase>
    <testcase classname="PortfolioPage resets filter when All is clicked" name="PortfolioPage resets filter when All is clicked" time="0.098">
    </testcase>
    <testcase classname="PortfolioPage renders breadcrumbs correctly" name="PortfolioPage renders breadcrumbs correctly" time="0.015">
    </testcase>
    <testcase classname="PortfolioPage shows project count in category badges" name="PortfolioPage shows project count in category badges" time="0.009">
    </testcase>
    <testcase classname="PortfolioPage handles mobile viewport" name="PortfolioPage handles mobile viewport" time="0.017">
    </testcase>
    <testcase classname="PortfolioPage applies reduced motion preferences" name="PortfolioPage applies reduced motion preferences" time="0.033">
    </testcase>
  </testsuite>
  <testsuite name="BlogList Component" errors="0" failures="0" skipped="0" timestamp="2025-12-18T08:40:34" time="1.339" tests="15">
    <testcase classname="BlogList Component groups posts with missing category under General" name="BlogList Component groups posts with missing category under General" time="0.193">
    </testcase>
    <testcase classname="BlogList Component respects reduced motion preference" name="BlogList Component respects reduced motion preference" time="0.008">
    </testcase>
    <testcase classname="BlogList Component renders post titles" name="BlogList Component renders post titles" time="0.009">
    </testcase>
    <testcase classname="BlogList Component renders post descriptions" name="BlogList Component renders post descriptions" time="0.009">
    </testcase>
    <testcase classname="BlogList Component renders search input" name="BlogList Component renders search input" time="0.018">
    </testcase>
    <testcase classname="BlogList Component filters posts by search query" name="BlogList Component filters posts by search query" time="0.024">
    </testcase>
    <testcase classname="BlogList Component shows no results message when no posts match" name="BlogList Component shows no results message when no posts match" time="0.01">
    </testcase>
    <testcase classname="BlogList Component renders post tags" name="BlogList Component renders post tags" time="0.019">
    </testcase>
    <testcase classname="BlogList Component renders post dates" name="BlogList Component renders post dates" time="0.005">
    </testcase>
    <testcase classname="BlogList Component clears search when clear button is clicked" name="BlogList Component clears search when clear button is clicked" time="0.064">
    </testcase>
    <testcase classname="BlogList Component toggles filter panel" name="BlogList Component toggles filter panel" time="0.038">
    </testcase>
    <testcase classname="BlogList Component filters by tag" name="BlogList Component filters by tag" time="0.054">
    </testcase>
    <testcase classname="BlogList Component clears filters from panel" name="BlogList Component clears filters from panel" time="0.027">
    </testcase>
    <testcase classname="BlogList Component paginates posts" name="BlogList Component paginates posts" time="0.059">
    </testcase>
    <testcase classname="BlogList Component clears all filters when no results found" name="BlogList Component clears all filters when no results found" time="0.034">
    </testcase>
  </testsuite>
  <testsuite name="Modal" errors="0" failures="0" skipped="0" timestamp="2025-12-18T08:40:35" time="0.207" tests="12">
    <testcase classname="Modal renders when isOpen is true" name="Modal renders when isOpen is true" time="0.01">
    </testcase>
    <testcase classname="Modal does not render when isOpen is false" name="Modal does not render when isOpen is false" time="0.002">
    </testcase>
    <testcase classname="Modal renders title when provided" name="Modal renders title when provided" time="0.023">
    </testcase>
    <testcase classname="Modal calls onClose when close button is clicked" name="Modal calls onClose when close button is clicked" time="0.006">
    </testcase>
    <testcase classname="Modal calls onClose when Escape is pressed" name="Modal calls onClose when Escape is pressed" time="0.005">
    </testcase>
    <testcase classname="Modal calls onClose when overlay is clicked with closeOnOverlayClick" name="Modal calls onClose when overlay is clicked with closeOnOverlayClick" time="0.024">
    </testcase>
    <testcase classname="Modal does not call onClose when content is clicked" name="Modal does not call onClose when content is clicked" time="0.002">
    </testcase>
    <testcase classname="Modal does not show close button when showCloseButton is false" name="Modal does not show close button when showCloseButton is false" time="0.001">
    </testcase>
    <testcase classname="Modal applies custom className" name="Modal applies custom className" time="0.001">
    </testcase>
    <testcase classname="Modal renders with different sizes" name="Modal renders with different sizes" time="0.014">
    </testcase>
    <testcase classname="Modal has correct aria attributes" name="Modal has correct aria attributes" time="0.004">
    </testcase>
    <testcase classname="Modal locks body scroll when open" name="Modal locks body scroll when open" time="0.003">
    </testcase>
  </testsuite>
  <testsuite name="ThemeToggle Component" errors="0" failures="0" skipped="0" timestamp="2025-12-18T08:40:35" time="0.2" tests="7">
    <testcase classname="ThemeToggle Component renders toggle button in light theme" name="ThemeToggle Component renders toggle button in light theme" time="0.025">
    </testcase>
    <testcase classname="ThemeToggle Component renders sun icon in light theme when mounted" name="ThemeToggle Component renders sun icon in light theme when mounted" time="0.016">
    </testcase>
    <testcase classname="ThemeToggle Component renders moon icon in dark theme when mounted" name="ThemeToggle Component renders moon icon in dark theme when mounted" time="0.001">
    </testcase>
    <testcase classname="ThemeToggle Component toggles from light to dark on click" name="ThemeToggle Component toggles from light to dark on click" time="0.005">
    </testcase>
    <testcase classname="ThemeToggle Component toggles from dark to light on click" name="ThemeToggle Component toggles from dark to light on click" time="0.004">
    </testcase>
    <testcase classname="ThemeToggle Component renders placeholder button before mounting" name="ThemeToggle Component renders placeholder button before mounting" time="0.001">
    </testcase>
    <testcase classname="ThemeToggle Component has accessible aria-label" name="ThemeToggle Component has accessible aria-label" time="0.021">
    </testcase>
  </testsuite>
  <testsuite name="Services Component" errors="0" failures="0" skipped="0" timestamp="2025-12-18T08:40:34" time="1.452" tests="19">
    <testcase classname="Services Component renders the section with correct id" name="Services Component renders the section with correct id" time="0.082">
    </testcase>
    <testcase classname="Services Component displays section heading with title" name="Services Component displays section heading with title" time="0.059">
    </testcase>
    <testcase classname="Services Component renders service cards on desktop" name="Services Component renders service cards on desktop" time="0.035">
    </testcase>
    <testcase classname="Services Component displays service descriptions" name="Services Component displays service descriptions" time="0.024">
    </testcase>
    <testcase classname="Services Component Mobile Carousel shows carousel navigation buttons" name="Services Component Mobile Carousel shows carousel navigation buttons" time="0.029">
    </testcase>
    <testcase classname="Services Component Mobile Carousel displays current slide indicator" name="Services Component Mobile Carousel displays current slide indicator" time="0.006">
    </testcase>
    <testcase classname="Services Component Mobile Carousel advances to next slide on next button click" name="Services Component Mobile Carousel advances to next slide on next button click" time="0.034">
    </testcase>
    <testcase classname="Services Component Mobile Carousel goes to previous slide on prev button click" name="Services Component Mobile Carousel goes to previous slide on prev button click" time="0.034">
    </testcase>
    <testcase classname="Services Component Mobile Carousel wraps to last slide when pressing prev on first slide" name="Services Component Mobile Carousel wraps to last slide when pressing prev on first slide" time="0.013">
    </testcase>
    <testcase classname="Services Component Mobile Carousel wraps to first slide when pressing next on last slide" name="Services Component Mobile Carousel wraps to first slide when pressing next on last slide" time="0.068">
    </testcase>
    <testcase classname="Services Component Mobile Carousel allows direct navigation via dot indicators" name="Services Component Mobile Carousel allows direct navigation via dot indicators" time="0.01">
    </testcase>
    <testcase classname="Services Component Keyboard Navigation navigates to next slide with ArrowRight key" name="Services Component Keyboard Navigation navigates to next slide with ArrowRight key" time="0.072">
    </testcase>
    <testcase classname="Services Component Keyboard Navigation navigates to previous slide with ArrowLeft key" name="Services Component Keyboard Navigation navigates to previous slide with ArrowLeft key" time="0.033">
    </testcase>
    <testcase classname="Services Component Touch Swipe handles touch start" name="Services Component Touch Swipe handles touch start" time="0.011">
    </testcase>
    <testcase classname="Services Component Touch Swipe handles touch move" name="Services Component Touch Swipe handles touch move" time="0.03">
    </testcase>
    <testcase classname="Services Component Touch Swipe advances slide on left swipe" name="Services Component Touch Swipe advances slide on left swipe" time="0.04">
    </testcase>
    <testcase classname="Services Component Touch Swipe goes to previous slide on right swipe" name="Services Component Touch Swipe goes to previous slide on right swipe" time="0.037">
    </testcase>
    <testcase classname="Services Component Touch Swipe does nothing on small swipe" name="Services Component Touch Swipe does nothing on small swipe" time="0.052">
    </testcase>
    <testcase classname="Services Component Reduced Motion respects prefersReducedMotion preference" name="Services Component Reduced Motion respects prefersReducedMotion preference" time="0.008">
    </testcase>
  </testsuite>
  <testsuite name="FormField Components" errors="0" failures="0" skipped="0" timestamp="2025-12-18T08:40:35" time="0.201" tests="17">
    <testcase classname="FormField Components Input renders input with label" name="FormField Components Input renders input with label" time="0.003">
    </testcase>
    <testcase classname="FormField Components Input renders input without label" name="FormField Components Input renders input without label" time="0.001">
    </testcase>
    <testcase classname="FormField Components Input shows required indicator when required" name="FormField Components Input shows required indicator when required" time="0.009">
    </testcase>
    <testcase classname="FormField Components Input shows error message" name="FormField Components Input shows error message" time="0.022">
    </testcase>
    <testcase classname="FormField Components Input shows helper text when no error" name="FormField Components Input shows helper text when no error" time="0.001">
    </testcase>
    <testcase classname="FormField Components Input hides helper text when error is present" name="FormField Components Input hides helper text when error is present" time="0.001">
    </testcase>
    <testcase classname="FormField Components Input has aria-invalid when error is present" name="FormField Components Input has aria-invalid when error is present" time="0.001">
    </testcase>
    <testcase classname="FormField Components Input uses custom id when provided" name="FormField Components Input uses custom id when provided" time="0.006">
    </testcase>
    <testcase classname="FormField Components Input applies custom className" name="FormField Components Input applies custom className" time="0.005">
    </testcase>
    <testcase classname="FormField Components Textarea renders textarea with label" name="FormField Components Textarea renders textarea with label" time="0.003">
    </testcase>
    <testcase classname="FormField Components Textarea renders textarea without label" name="FormField Components Textarea renders textarea without label" time="0.004">
    </testcase>
    <testcase classname="FormField Components Textarea shows required indicator when required" name="FormField Components Textarea shows required indicator when required" time="0.002">
    </testcase>
    <testcase classname="FormField Components Textarea shows error message" name="FormField Components Textarea shows error message" time="0.001">
    </testcase>
    <testcase classname="FormField Components Textarea shows helper text when no error" name="FormField Components Textarea shows helper text when no error" time="0.001">
    </testcase>
    <testcase classname="FormField Components Textarea has aria-invalid when error is present" name="FormField Components Textarea has aria-invalid when error is present" time="0">
    </testcase>
    <testcase classname="FormField Components Textarea applies custom className" name="FormField Components Textarea applies custom className" time="0.022">
    </testcase>
    <testcase classname="FormField Components Textarea accepts rows prop" name="FormField Components Textarea accepts rows prop" time="0.011">
    </testcase>
  </testsuite>
  <testsuite name="useServiceWorker" errors="0" failures="0" skipped="0" timestamp="2025-12-18T08:40:35" time="0.203" tests="19">
    <testcase classname="useServiceWorker initialization detects service worker support" name="useServiceWorker initialization detects service worker support" time="0.024">
    </testcase>
    <testcase classname="useServiceWorker initialization starts with online status" name="useServiceWorker initialization starts with online status" time="0.001">
    </testcase>
    <testcase classname="useServiceWorker initialization detects offline state on init" name="useServiceWorker initialization detects offline state on init" time="0.017">
    </testcase>
    <testcase classname="useServiceWorker initialization starts with no update available" name="useServiceWorker initialization starts with no update available" time="0.006">
    </testcase>
    <testcase classname="useServiceWorker initialization starts as not registered" name="useServiceWorker initialization starts as not registered" time="0.001">
    </testcase>
    <testcase classname="useServiceWorker registration registers service worker" name="useServiceWorker registration registers service worker" time="0.005">
    </testcase>
    <testcase classname="useServiceWorker registration updates state after successful registration" name="useServiceWorker registration updates state after successful registration" time="0.016">
    </testcase>
    <testcase classname="useServiceWorker registration handles registration failure gracefully" name="useServiceWorker registration handles registration failure gracefully" time="0.001">
    </testcase>
    <testcase classname="useServiceWorker online/offline events adds online/offline event listeners" name="useServiceWorker online/offline events adds online/offline event listeners" time="0.001">
    </testcase>
    <testcase classname="useServiceWorker online/offline events sets isOnline to true when online event fires" name="useServiceWorker online/offline events sets isOnline to true when online event fires" time="0.001">
    </testcase>
    <testcase classname="useServiceWorker online/offline events sets isOnline to false when offline event fires" name="useServiceWorker online/offline events sets isOnline to false when offline event fires" time="0.002">
    </testcase>
    <testcase classname="useServiceWorker online/offline events removes event listeners on unmount" name="useServiceWorker online/offline events removes event listeners on unmount" time="0.001">
    </testcase>
    <testcase classname="useServiceWorker update function provides update function" name="useServiceWorker update function provides update function" time="0">
    </testcase>
    <testcase classname="useServiceWorker update function sends SKIP_WAITING message when waiting worker exists" name="useServiceWorker update function sends SKIP_WAITING message when waiting worker exists" time="0.016">
    </testcase>
    <testcase classname="useServiceWorker update function does nothing when no waiting worker" name="useServiceWorker update function does nothing when no waiting worker" time="0.001">
    </testcase>
    <testcase classname="useServiceWorker update detection detects update when new worker is installed" name="useServiceWorker update detection detects update when new worker is installed" time="0.017">
    </testcase>
    <testcase classname="useServiceWorker update detection does not set hasUpdate if state is not installed" name="useServiceWorker update detection does not set hasUpdate if state is not installed" time="0.013">
    </testcase>
    <testcase classname="useServiceWorker update detection does not set hasUpdate if no controller (first install)" name="useServiceWorker update detection does not set hasUpdate if no controller (first install)" time="0.012">
    </testcase>
    <testcase classname="useServiceWorker handles unsupported environment" name="useServiceWorker handles unsupported environment" time="0">
    </testcase>
  </testsuite>
  <testsuite name="ChatWidget" errors="0" failures="0" skipped="0" timestamp="2025-12-18T08:40:35" time="0.41" tests="8">
    <testcase classname="ChatWidget renders the floating chat button" name="ChatWidget renders the floating chat button" time="0.045">
    </testcase>
    <testcase classname="ChatWidget shows unread badge on initial load" name="ChatWidget shows unread badge on initial load" time="0.002">
    </testcase>
    <testcase classname="ChatWidget opens chat window when button is clicked" name="ChatWidget opens chat window when button is clicked" time="0.045">
    </testcase>
    <testcase classname="ChatWidget shows quick action buttons in header when open" name="ChatWidget shows quick action buttons in header when open" time="0.028">
    </testcase>
    <testcase classname="ChatWidget shows input field when chat is open" name="ChatWidget shows input field when chat is open" time="0.015">
    </testcase>
    <testcase classname="ChatWidget allows typing in the input field" name="ChatWidget allows typing in the input field" time="0.057">
    </testcase>
    <testcase classname="ChatWidget has accessible aria-label on chat button" name="ChatWidget has accessible aria-label on chat button" time="0.005">
    </testcase>
    <testcase classname="ChatWidget email quick action link has correct href" name="ChatWidget email quick action link has correct href" time="0.025">
    </testcase>
  </testsuite>
  <testsuite name="useChat" errors="0" failures="0" skipped="0" timestamp="2025-12-18T08:40:36" time="0.186" tests="18">
    <testcase classname="useChat initializes with empty messages" name="useChat initializes with empty messages" time="0.022">
    </testcase>
    <testcase classname="useChat loads messages from localStorage on mount" name="useChat loads messages from localStorage on mount" time="0.008">
    </testcase>
    <testcase classname="useChat sets input value" name="useChat sets input value" time="0.002">
    </testcase>
    <testcase classname="useChat clears chat history" name="useChat clears chat history" time="0.008">
    </testcase>
    <testcase classname="useChat does not send empty messages" name="useChat does not send empty messages" time="0.005">
    </testcase>
    <testcase classname="useChat handles rate limiting" name="useChat handles rate limiting" time="0.017">
    </testcase>
    <testcase classname="useChat handles setMessages function" name="useChat handles setMessages function" time="0.001">
    </testcase>
    <testcase classname="useChat handles invalid JSON in localStorage gracefully" name="useChat handles invalid JSON in localStorage gracefully" time="0.001">
    </testcase>
    <testcase classname="useChat saves messages to localStorage when they change" name="useChat saves messages to localStorage when they change" time="0.009">
    </testcase>
    <testcase classname="useChat sets isLoading true during message send" name="useChat sets isLoading true during message send" time="0.002">
    </testcase>
    <testcase classname="useChat handles API error response" name="useChat handles API error response" time="0.002">
    </testcase>
    <testcase classname="useChat handles [DONE] in streaming data" name="useChat handles [DONE] in streaming data" time="0.002">
    </testcase>
    <testcase classname="useChat handles missing body in response" name="useChat handles missing body in response" time="0.001">
    </testcase>
    <testcase classname="useChat does not send while already loading" name="useChat does not send while already loading" time="0.01">
    </testcase>
    <testcase classname="useChat handles JSON parse error in stream gracefully" name="useChat handles JSON parse error in stream gracefully" time="0.002">
    </testcase>
    <testcase classname="useChat handles empty localStorage array" name="useChat handles empty localStorage array" time="0.002">
    </testcase>
    <testcase classname="useChat can pass message directly to sendMessage" name="useChat can pass message directly to sendMessage" time="0">
    </testcase>
    <testcase classname="useChat trims whitespace from messages" name="useChat trims whitespace from messages" time="0.001">
    </testcase>
  </testsuite>
  <testsuite name="Hero Component" errors="0" failures="0" skipped="0" timestamp="2025-12-18T08:40:35" time="0.379" tests="6">
    <testcase classname="Hero Component renders the main heading" name="Hero Component renders the main heading" time="0.074">
    </testcase>
    <testcase classname="Hero Component renders the role/title with typing animation cycle" name="Hero Component renders the role/title with typing animation cycle" time="0.019">
    </testcase>
    <testcase classname="Hero Component renders social links" name="Hero Component renders social links" time="0.049">
    </testcase>
    <testcase classname="Hero Component renders call to action buttons" name="Hero Component renders call to action buttons" time="0.013">
    </testcase>
    <testcase classname="Hero Component handles mobile view interactions" name="Hero Component handles mobile view interactions" time="0.031">
    </testcase>
    <testcase classname="Hero Component handles scroll down click" name="Hero Component handles scroll down click" time="0.026">
    </testcase>
  </testsuite>
  <testsuite name="App Directory" errors="0" failures="0" skipped="0" timestamp="2025-12-18T08:40:35" time="0.436" tests="5">
    <testcase classname="App Directory Home Page renders all sections" name="App Directory Home Page renders all sections" time="0.084">
    </testcase>
    <testcase classname="App Directory RootLayout renders children and layout components" name="App Directory RootLayout renders children and layout components" time="0.028">
    </testcase>
    <testcase classname="App Directory NotFound renders 404 content" name="App Directory NotFound renders 404 content" time="0.038">
    </testcase>
    <testcase classname="App Directory GlobalError renders error content" name="App Directory GlobalError renders error content" time="0.012">
    </testcase>
    <testcase classname="App Directory ErrorPage renders error content" name="App Directory ErrorPage renders error content" time="0.017">
    </testcase>
  </testsuite>
  <testsuite name="ErrorBoundary" errors="0" failures="0" skipped="0" timestamp="2025-12-18T08:40:36" time="0.244" tests="9">
    <testcase classname="ErrorBoundary renders children when there is no error" name="ErrorBoundary renders children when there is no error" time="0.003">
    </testcase>
    <testcase classname="ErrorBoundary renders fallback UI when an error occurs" name="ErrorBoundary renders fallback UI when an error occurs" time="0.043">
    </testcase>
    <testcase classname="ErrorBoundary renders custom fallback when provided" name="ErrorBoundary renders custom fallback when provided" time="0.003">
    </testcase>
    <testcase classname="ErrorBoundary shows error message when showError is true" name="ErrorBoundary shows error message when showError is true" time="0.015">
    </testcase>
    <testcase classname="ErrorBoundary calls onError callback when error occurs" name="ErrorBoundary calls onError callback when error occurs" time="0.017">
    </testcase>
    <testcase classname="ErrorBoundary resets error state when Try Again is clicked" name="ErrorBoundary resets error state when Try Again is clicked" time="0.033">
    </testcase>
    <testcase classname="withErrorBoundary wraps component with error boundary" name="withErrorBoundary wraps component with error boundary" time="0">
    </testcase>
    <testcase classname="withErrorBoundary catches errors in wrapped component" name="withErrorBoundary catches errors in wrapped component" time="0.014">
    </testcase>
    <testcase classname="withErrorBoundary uses custom fallback in HOC" name="withErrorBoundary uses custom fallback in HOC" time="0.002">
    </testcase>
  </testsuite>
  <testsuite name="RelatedPosts" errors="0" failures="0" skipped="0" timestamp="2025-12-18T08:40:36" time="0.189" tests="8">
    <testcase classname="RelatedPosts renders related posts section" name="RelatedPosts renders related posts section" time="0.037">
    </testcase>
    <testcase classname="RelatedPosts shows posts matching by category" name="RelatedPosts shows posts matching by category" time="0.018">
    </testcase>
    <testcase classname="RelatedPosts excludes current post from related posts" name="RelatedPosts excludes current post from related posts" time="0.002">
    </testcase>
    <testcase classname="RelatedPosts returns null when current post not found" name="RelatedPosts returns null when current post not found" time="0.003">
    </testcase>
    <testcase classname="RelatedPosts returns null when no related posts found" name="RelatedPosts returns null when no related posts found" time="0.005">
    </testcase>
    <testcase classname="RelatedPosts limits related posts to 3" name="RelatedPosts limits related posts to 3" time="0.019">
    </testcase>
    <testcase classname="RelatedPosts shows post category and date" name="RelatedPosts shows post category and date" time="0.006">
    </testcase>
    <testcase classname="RelatedPosts renders read more links" name="RelatedPosts renders read more links" time="0.003">
    </testcase>
  </testsuite>
  <testsuite name="Button Component" errors="0" failures="0" skipped="0" timestamp="2025-12-18T08:40:36" time="0.223" tests="8">
    <testcase classname="Button Component renders button with children" name="Button Component renders button with children" time="0.048">
    </testcase>
    <testcase classname="Button Component applies default variant classes" name="Button Component applies default variant classes" time="0.033">
    </testcase>
    <testcase classname="Button Component applies outline variant classes" name="Button Component applies outline variant classes" time="0.008">
    </testcase>
    <testcase classname="Button Component applies ghost variant classes" name="Button Component applies ghost variant classes" time="0.004">
    </testcase>
    <testcase classname="Button Component applies size classes correctly" name="Button Component applies size classes correctly" time="0.034">
    </testcase>
    <testcase classname="Button Component renders as child component when asChild is true" name="Button Component renders as child component when asChild is true" time="0.004">
    </testcase>
    <testcase classname="Button Component accepts additional className" name="Button Component accepts additional className" time="0.004">
    </testcase>
    <testcase classname="Button Component forwards onClick handler" name="Button Component forwards onClick handler" time="0.003">
    </testcase>
  </testsuite>
  <testsuite name="Blog Sections" errors="0" failures="0" skipped="0" timestamp="2025-12-18T08:40:36" time="0.184" tests="1">
    <testcase classname="Blog Sections Blog Page renders blog list" name="Blog Sections Blog Page renders blog list" time="0.033">
    </testcase>
  </testsuite>
  <testsuite name="HoverEffects" errors="0" failures="0" skipped="0" timestamp="2025-12-18T08:40:36" time="0.232" tests="17">
    <testcase classname="HoverEffects HoverCard renders children" name="HoverEffects HoverCard renders children" time="0.007">
    </testcase>
    <testcase classname="HoverEffects HoverCard applies custom className" name="HoverEffects HoverCard applies custom className" time="0.002">
    </testcase>
    <testcase classname="HoverEffects HoverCard renders glow effect when glow is true" name="HoverEffects HoverCard renders glow effect when glow is true" time="0.001">
    </testcase>
    <testcase classname="HoverEffects HoverCard does not render glow effect by default" name="HoverEffects HoverCard does not render glow effect by default" time="0.002">
    </testcase>
    <testcase classname="HoverEffects HoverButton renders children" name="HoverEffects HoverButton renders children" time="0.002">
    </testcase>
    <testcase classname="HoverEffects HoverButton renders primary variant by default" name="HoverEffects HoverButton renders primary variant by default" time="0.052">
    </testcase>
    <testcase classname="HoverEffects HoverButton renders secondary variant" name="HoverEffects HoverButton renders secondary variant" time="0.006">
    </testcase>
    <testcase classname="HoverEffects HoverButton renders ghost variant" name="HoverEffects HoverButton renders ghost variant" time="0.01">
    </testcase>
    <testcase classname="HoverEffects HoverButton handles click events" name="HoverEffects HoverButton handles click events" time="0.007">
    </testcase>
    <testcase classname="HoverEffects HoverButton applies custom className" name="HoverEffects HoverButton applies custom className" time="0.002">
    </testcase>
    <testcase classname="HoverEffects HoverLink renders children" name="HoverEffects HoverLink renders children" time="0.019">
    </testcase>
    <testcase classname="HoverEffects HoverLink renders as anchor when href is provided" name="HoverEffects HoverLink renders as anchor when href is provided" time="0.008">
    </testcase>
    <testcase classname="HoverEffects HoverLink renders as span when no href" name="HoverEffects HoverLink renders as span when no href" time="0.003">
    </testcase>
    <testcase classname="HoverEffects HoverLink handles click events" name="HoverEffects HoverLink handles click events" time="0.001">
    </testcase>
    <testcase classname="HoverEffects HoverLink applies custom className" name="HoverEffects HoverLink applies custom className" time="0">
    </testcase>
    <testcase classname="HoverEffects HoverIcon renders children" name="HoverEffects HoverIcon renders children" time="0.001">
    </testcase>
    <testcase classname="HoverEffects HoverIcon applies custom className" name="HoverEffects HoverIcon applies custom className" time="0">
    </testcase>
  </testsuite>
  <testsuite name="Glass Components" errors="0" failures="0" skipped="0" timestamp="2025-12-18T08:40:36" time="0.202" tests="20">
    <testcase classname="Glass Components GlassCard renders children" name="Glass Components GlassCard renders children" time="0.016">
    </testcase>
    <testcase classname="Glass Components GlassCard applies blur classes" name="Glass Components GlassCard applies blur classes" time="0.001">
    </testcase>
    <testcase classname="Glass Components GlassCard applies border by default" name="Glass Components GlassCard applies border by default" time="0.002">
    </testcase>
    <testcase classname="Glass Components GlassCard removes border when border is false" name="Glass Components GlassCard removes border when border is false" time="0.002">
    </testcase>
    <testcase classname="Glass Components GlassCard applies hover effects when hover is true" name="Glass Components GlassCard applies hover effects when hover is true" time="0.001">
    </testcase>
    <testcase classname="Glass Components GlassCard applies custom className" name="Glass Components GlassCard applies custom className" time="0">
    </testcase>
    <testcase classname="Glass Components GlassPanel renders children" name="Glass Components GlassPanel renders children" time="0.004">
    </testcase>
    <testcase classname="Glass Components GlassPanel applies default variant" name="Glass Components GlassPanel applies default variant" time="0.001">
    </testcase>
    <testcase classname="Glass Components GlassPanel applies primary variant" name="Glass Components GlassPanel applies primary variant" time="0">
    </testcase>
    <testcase classname="Glass Components GlassPanel applies dark variant" name="Glass Components GlassPanel applies dark variant" time="0.001">
    </testcase>
    <testcase classname="Glass Components GlassPanel applies light variant" name="Glass Components GlassPanel applies light variant" time="0">
    </testcase>
    <testcase classname="Glass Components GlassButton renders children" name="Glass Components GlassButton renders children" time="0.014">
    </testcase>
    <testcase classname="Glass Components GlassButton handles click events" name="Glass Components GlassButton handles click events" time="0.002">
    </testcase>
    <testcase classname="Glass Components GlassButton is disabled when disabled prop is true" name="Glass Components GlassButton is disabled when disabled prop is true" time="0.002">
    </testcase>
    <testcase classname="Glass Components GlassButton has type button by default" name="Glass Components GlassButton has type button by default" time="0.001">
    </testcase>
    <testcase classname="Glass Components GlassButton accepts type submit" name="Glass Components GlassButton accepts type submit" time="0.008">
    </testcase>
    <testcase classname="Glass Components GlassInput renders input" name="Glass Components GlassInput renders input" time="0.006">
    </testcase>
    <testcase classname="Glass Components GlassInput handles onChange" name="Glass Components GlassInput handles onChange" time="0.011">
    </testcase>
    <testcase classname="Glass Components GlassInput renders with value" name="Glass Components GlassInput renders with value" time="0.007">
    </testcase>
    <testcase classname="Glass Components GlassInput accepts custom type" name="Glass Components GlassInput accepts custom type" time="0.013">
    </testcase>
  </testsuite>
  <testsuite name="Tooltip" errors="0" failures="0" skipped="0" timestamp="2025-12-18T08:40:36" time="0.245" tests="8">
    <testcase classname="Tooltip renders children" name="Tooltip renders children" time="0.005">
    </testcase>
    <testcase classname="Tooltip shows tooltip on mouse enter after delay" name="Tooltip shows tooltip on mouse enter after delay" time="0.033">
    </testcase>
    <testcase classname="Tooltip hides tooltip on mouse leave" name="Tooltip hides tooltip on mouse leave" time="0.018">
    </testcase>
    <testcase classname="Tooltip shows tooltip on focus" name="Tooltip shows tooltip on focus" time="0.034">
    </testcase>
    <testcase classname="Tooltip hides tooltip on blur" name="Tooltip hides tooltip on blur" time="0.004">
    </testcase>
    <testcase classname="Tooltip applies custom className" name="Tooltip applies custom className" time="0.001">
    </testcase>
    <testcase classname="Tooltip renders with different positions" name="Tooltip renders with different positions" time="0.012">
    </testcase>
    <testcase classname="Tooltip renders ReactNode content" name="Tooltip renders ReactNode content" time="0.02">
    </testcase>
  </testsuite>
  <testsuite name="TableOfContents" errors="0" failures="0" skipped="0" timestamp="2025-12-18T08:40:36" time="0.223" tests="6">
    <testcase classname="TableOfContents renders table of contents" name="TableOfContents renders table of contents" time="0.009">
    </testcase>
    <testcase classname="TableOfContents renders all headings" name="TableOfContents renders all headings" time="0.021">
    </testcase>
    <testcase classname="TableOfContents handles empty headings array" name="TableOfContents handles empty headings array" time="0.001">
    </testcase>
    <testcase classname="TableOfContents clicking a heading calls scroll handler" name="TableOfContents clicking a heading calls scroll handler" time="0.006">
    </testcase>
    <testcase classname="TableOfContents highlights active heading based on scroll position" name="TableOfContents highlights active heading based on scroll position" time="0.036">
    </testcase>
    <testcase classname="TableOfContents applies different styling for different heading levels" name="TableOfContents applies different styling for different heading levels" time="0.02">
    </testcase>
  </testsuite>
  <testsuite name="LottieAnimation" errors="0" failures="0" skipped="0" timestamp="2025-12-18T08:40:36" time="0.253" tests="14">
    <testcase classname="LottieAnimation renders animation" name="LottieAnimation renders animation" time="0.109">
    </testcase>
    <testcase classname="LottieAnimation applies custom className" name="LottieAnimation applies custom className" time="0.005">
    </testcase>
    <testcase classname="LottieAnimation accepts loop prop" name="LottieAnimation accepts loop prop" time="0.026">
    </testcase>
    <testcase classname="LottieAnimation accepts autoplay prop" name="LottieAnimation accepts autoplay prop" time="0.004">
    </testcase>
    <testcase classname="LottieAnimation renders custom fallback" name="LottieAnimation renders custom fallback" time="0.005">
    </testcase>
    <testcase classname="AnimatedIcon renders with default size" name="AnimatedIcon renders with default size" time="0.006">
    </testcase>
    <testcase classname="AnimatedIcon renders with small size" name="AnimatedIcon renders with small size" time="0.004">
    </testcase>
    <testcase classname="AnimatedIcon renders with large size" name="AnimatedIcon renders with large size" time="0.007">
    </testcase>
    <testcase classname="AnimatedIcon renders with xl size" name="AnimatedIcon renders with xl size" time="0.002">
    </testcase>
    <testcase classname="AnimationPresets has loading preset" name="AnimationPresets has loading preset" time="0.001">
    </testcase>
    <testcase classname="AnimationPresets has success preset" name="AnimationPresets has success preset" time="0">
    </testcase>
    <testcase classname="AnimationPresets has error preset" name="AnimationPresets has error preset" time="0">
    </testcase>
    <testcase classname="AnimationPresets has welcome preset" name="AnimationPresets has welcome preset" time="0.001">
    </testcase>
    <testcase classname="AnimationPresets has confetti preset" name="AnimationPresets has confetti preset" time="0">
    </testcase>
  </testsuite>
  <testsuite name="Experience Component" errors="0" failures="0" skipped="0" timestamp="2025-12-18T08:40:34" time="1.805" tests="24">
    <testcase classname="Experience Component renders the section title" name="Experience Component renders the section title" time="0.061">
    </testcase>
    <testcase classname="Experience Component renders experience items" name="Experience Component renders experience items" time="0.135">
    </testcase>
    <testcase classname="Experience Component renders company logos or icons" name="Experience Component renders company logos or icons" time="0.034">
    </testcase>
    <testcase classname="Experience Component handles mobile accordion interaction" name="Experience Component handles mobile accordion interaction" time="0.072">
    </testcase>
    <testcase classname="Experience Component Skill Filtering renders skill filter buttons" name="Experience Component Skill Filtering renders skill filter buttons" time="0.009">
    </testcase>
    <testcase classname="Experience Component Skill Filtering filters by skill when skill button is clicked" name="Experience Component Skill Filtering filters by skill when skill button is clicked" time="0.038">
    </testcase>
    <testcase classname="Experience Component Skill Filtering clears filter when All Skills is clicked" name="Experience Component Skill Filtering clears filter when All Skills is clicked" time="0.038">
    </testcase>
    <testcase classname="Experience Component Skill Filtering toggles skill filter on/off when clicking same skill" name="Experience Component Skill Filtering toggles skill filter on/off when clicking same skill" time="0.047">
    </testcase>
    <testcase classname="Experience Component Skill Filtering updates activeId when filtered skill is not in current selection" name="Experience Component Skill Filtering updates activeId when filtered skill is not in current selection" time="0.044">
    </testcase>
    <testcase classname="Experience Component Show More/Less renders Show More button when more items available" name="Experience Component Show More/Less renders Show More button when more items available" time="0.009">
    </testcase>
    <testcase classname="Experience Component Show More/Less toggles between show more and show less" name="Experience Component Show More/Less toggles between show more and show less" time="0.048">
    </testcase>
    <testcase classname="Experience Component Accordion Toggling expands first item by default" name="Experience Component Accordion Toggling expands first item by default" time="0.008">
    </testcase>
    <testcase classname="Experience Component Accordion Toggling collapses item when clicking expanded item" name="Experience Component Accordion Toggling collapses item when clicking expanded item" time="0.068">
    </testcase>
    <testcase classname="Experience Component Accordion Toggling expands multiple items when clicked" name="Experience Component Accordion Toggling expands multiple items when clicked" time="0.056">
    </testcase>
    <testcase classname="Experience Component Desktop Timeline renders timeline buttons for each experience" name="Experience Component Desktop Timeline renders timeline buttons for each experience" time="0.048">
    </testcase>
    <testcase classname="Experience Component Desktop Timeline switches active experience when timeline item clicked" name="Experience Component Desktop Timeline switches active experience when timeline item clicked" time="0.05">
    </testcase>
    <testcase classname="Experience Component Reduced Motion respects reduced motion preference" name="Experience Component Reduced Motion respects reduced motion preference" time="0.011">
    </testcase>
    <testcase classname="Experience Component Keyboard Navigation handles keyboard navigation - ArrowDown" name="Experience Component Keyboard Navigation handles keyboard navigation - ArrowDown" time="0.013">
    </testcase>
    <testcase classname="Experience Component Keyboard Navigation handles keyboard navigation - ArrowUp" name="Experience Component Keyboard Navigation handles keyboard navigation - ArrowUp" time="0.027">
    </testcase>
    <testcase classname="Experience Component Keyboard Navigation handles keyboard navigation - ArrowLeft" name="Experience Component Keyboard Navigation handles keyboard navigation - ArrowLeft" time="0.012">
    </testcase>
    <testcase classname="Experience Component Keyboard Navigation handles keyboard navigation - ArrowRight" name="Experience Component Keyboard Navigation handles keyboard navigation - ArrowRight" time="0.049">
    </testcase>
    <testcase classname="Experience Component Company Logo renders fallback initial when no logo provided" name="Experience Component Company Logo renders fallback initial when no logo provided" time="0.033">
    </testcase>
    <testcase classname="Experience Component Skill Click in Detail View filters when clicking skill in detail panel" name="Experience Component Skill Click in Detail View filters when clicking skill in detail panel" time="0.086">
    </testcase>
    <testcase classname="Experience Component Empty Filter State handles empty filter results gracefully" name="Experience Component Empty Filter State handles empty filter results gracefully" time="0.109">
    </testcase>
  </testsuite>
  <testsuite name="OG Image API" errors="0" failures="0" skipped="0" timestamp="2025-12-18T08:40:36" time="0.236" tests="7">
    <testcase classname="OG Image API returns an ImageResponse" name="OG Image API returns an ImageResponse" time="0.004">
    </testcase>
    <testcase classname="OG Image API handles custom title" name="OG Image API handles custom title" time="0.001">
    </testcase>
    <testcase classname="OG Image API handles custom subtitle" name="OG Image API handles custom subtitle" time="0.002">
    </testcase>
    <testcase classname="OG Image API handles category badge" name="OG Image API handles category badge" time="0.001">
    </testcase>
    <testcase classname="OG Image API handles all parameters" name="OG Image API handles all parameters" time="0.001">
    </testcase>
    <testcase classname="OG Image API handles empty parameters with defaults" name="OG Image API handles empty parameters with defaults" time="0">
    </testcase>
    <testcase classname="OG Image API adjusts font size for long titles" name="OG Image API adjusts font size for long titles" time="0">
    </testcase>
  </testsuite>
  <testsuite name="useFocusManagement" errors="0" failures="0" skipped="0" timestamp="2025-12-18T08:40:36" time="0.209" tests="33">
    <testcase classname="useFocusManagement useFocusTrap returns a ref object" name="useFocusManagement useFocusTrap returns a ref object" time="0.001">
    </testcase>
    <testcase classname="useFocusManagement useFocusTrap returns ref with null current initially" name="useFocusManagement useFocusTrap returns ref with null current initially" time="0.001">
    </testcase>
    <testcase classname="useFocusManagement useFocusTrap can be inactive" name="useFocusManagement useFocusTrap can be inactive" time="0.001">
    </testcase>
    <testcase classname="useFocusManagement useFocusTrap does not trap focus when inactive" name="useFocusManagement useFocusTrap does not trap focus when inactive" time="0.003">
    </testcase>
    <testcase classname="useFocusManagement useKeyboardNavigation returns navigation utilities" name="useFocusManagement useKeyboardNavigation returns navigation utilities" time="0.071">
    </testcase>
    <testcase classname="useFocusManagement useKeyboardNavigation starts at index 0" name="useFocusManagement useKeyboardNavigation starts at index 0" time="0.001">
    </testcase>
    <testcase classname="useFocusManagement useKeyboardNavigation getItemProps returns correct props for focused item" name="useFocusManagement useKeyboardNavigation getItemProps returns correct props for focused item" time="0.002">
    </testcase>
    <testcase classname="useFocusManagement useKeyboardNavigation getItemProps returns tabIndex -1 for non-focused items" name="useFocusManagement useKeyboardNavigation getItemProps returns tabIndex -1 for non-focused items" time="0.001">
    </testcase>
    <testcase classname="useFocusManagement useKeyboardNavigation handles ArrowDown key in vertical orientation" name="useFocusManagement useKeyboardNavigation handles ArrowDown key in vertical orientation" time="0.001">
    </testcase>
    <testcase classname="useFocusManagement useKeyboardNavigation handles ArrowUp key in vertical orientation" name="useFocusManagement useKeyboardNavigation handles ArrowUp key in vertical orientation" time="0.002">
    </testcase>
    <testcase classname="useFocusManagement useKeyboardNavigation handles ArrowRight key in horizontal orientation" name="useFocusManagement useKeyboardNavigation handles ArrowRight key in horizontal orientation" time="0.004">
    </testcase>
    <testcase classname="useFocusManagement useKeyboardNavigation handles ArrowLeft key in horizontal orientation" name="useFocusManagement useKeyboardNavigation handles ArrowLeft key in horizontal orientation" time="0.003">
    </testcase>
    <testcase classname="useFocusManagement useKeyboardNavigation handles Home key" name="useFocusManagement useKeyboardNavigation handles Home key" time="0.002">
    </testcase>
    <testcase classname="useFocusManagement useKeyboardNavigation handles End key" name="useFocusManagement useKeyboardNavigation handles End key" time="0.004">
    </testcase>
    <testcase classname="useFocusManagement useKeyboardNavigation handles Enter key with onSelect callback" name="useFocusManagement useKeyboardNavigation handles Enter key with onSelect callback" time="0.003">
    </testcase>
    <testcase classname="useFocusManagement useKeyboardNavigation handles Space key with onSelect callback" name="useFocusManagement useKeyboardNavigation handles Space key with onSelect callback" time="0.003">
    </testcase>
    <testcase classname="useFocusManagement useKeyboardNavigation respects wrap=false option at boundaries" name="useFocusManagement useKeyboardNavigation respects wrap=false option at boundaries" time="0.004">
    </testcase>
    <testcase classname="useFocusManagement useKeyboardNavigation handles both orientation" name="useFocusManagement useKeyboardNavigation handles both orientation" time="0">
    </testcase>
    <testcase classname="useFocusManagement useKeyboardNavigation setFocusedIndex updates the focused index" name="useFocusManagement useKeyboardNavigation setFocusedIndex updates the focused index" time="0">
    </testcase>
    <testcase classname="useFocusManagement useKeyboardNavigation getItemProps ref callback stores element" name="useFocusManagement useKeyboardNavigation getItemProps ref callback stores element" time="0.001">
    </testcase>
    <testcase classname="useFocusManagement useSkipLink returns a ref object" name="useFocusManagement useSkipLink returns a ref object" time="0">
    </testcase>
    <testcase classname="useFocusManagement useSkipLink ref is null initially" name="useFocusManagement useSkipLink ref is null initially" time="0">
    </testcase>
    <testcase classname="useFocusManagement useSkipLink sets id and tabindex when ref is assigned" name="useFocusManagement useSkipLink sets id and tabindex when ref is assigned" time="0.001">
    </testcase>
    <testcase classname="useFocusManagement useFocusTrap additional coverage traps focus with Shift+Tab on first element" name="useFocusManagement useFocusTrap additional coverage traps focus with Shift+Tab on first element" time="0.002">
    </testcase>
    <testcase classname="useFocusManagement useFocusTrap additional coverage traps focus with Tab on last element" name="useFocusManagement useFocusTrap additional coverage traps focus with Tab on last element" time="0.001">
    </testcase>
    <testcase classname="useFocusManagement useFocusTrap additional coverage ignores non-Tab keys" name="useFocusManagement useFocusTrap additional coverage ignores non-Tab keys" time="0.005">
    </testcase>
    <testcase classname="useFocusManagement useFocusTrap additional coverage handles case with no focusable elements" name="useFocusManagement useFocusTrap additional coverage handles case with no focusable elements" time="0.001">
    </testcase>
    <testcase classname="useFocusManagement useFocusTrap additional coverage restores focus on cleanup" name="useFocusManagement useFocusTrap additional coverage restores focus on cleanup" time="0.002">
    </testcase>
    <testcase classname="useFocusManagement useKeyboardNavigation additional coverage wraps to end when pressing ArrowUp at index 0" name="useFocusManagement useKeyboardNavigation additional coverage wraps to end when pressing ArrowUp at index 0" time="0">
    </testcase>
    <testcase classname="useFocusManagement useKeyboardNavigation additional coverage wraps to start when pressing ArrowDown at last index" name="useFocusManagement useKeyboardNavigation additional coverage wraps to start when pressing ArrowDown at last index" time="0.001">
    </testcase>
    <testcase classname="useFocusManagement useKeyboardNavigation additional coverage does not wrap when wrap is false" name="useFocusManagement useKeyboardNavigation additional coverage does not wrap when wrap is false" time="0">
    </testcase>
    <testcase classname="useFocusManagement useKeyboardNavigation additional coverage handles ArrowLeft wraps" name="useFocusManagement useKeyboardNavigation additional coverage handles ArrowLeft wraps" time="0.001">
    </testcase>
    <testcase classname="useFocusManagement useKeyboardNavigation additional coverage handles ArrowRight wraps" name="useFocusManagement useKeyboardNavigation additional coverage handles ArrowRight wraps" time="0">
    </testcase>
  </testsuite>
  <testsuite name="SectionHeading Component" errors="0" failures="0" skipped="0" timestamp="2025-12-18T08:40:36" time="0.184" tests="6">
    <testcase classname="SectionHeading Component renders title and subtitle" name="SectionHeading Component renders title and subtitle" time="0.012">
    </testcase>
    <testcase classname="SectionHeading Component renders h2 element for title" name="SectionHeading Component renders h2 element for title" time="0.007">
    </testcase>
    <testcase classname="SectionHeading Component applies center alignment by default" name="SectionHeading Component applies center alignment by default" time="0.001">
    </testcase>
    <testcase classname="SectionHeading Component applies left alignment when specified" name="SectionHeading Component applies left alignment when specified" time="0">
    </testcase>
    <testcase classname="SectionHeading Component applies custom className" name="SectionHeading Component applies custom className" time="0.022">
    </testcase>
    <testcase classname="SectionHeading Component renders subtitle with uppercase styling" name="SectionHeading Component renders subtitle with uppercase styling" time="0.001">
    </testcase>
  </testsuite>
  <testsuite name="PageTransition Components" errors="0" failures="0" skipped="0" timestamp="2025-12-18T08:40:36" time="0.193" tests="14">
    <testcase classname="PageTransition Components PageTransition renders children" name="PageTransition Components PageTransition renders children" time="0.009">
    </testcase>
    <testcase classname="PageTransition Components PageTransition accepts fade mode" name="PageTransition Components PageTransition accepts fade mode" time="0.017">
    </testcase>
    <testcase classname="PageTransition Components PageTransition accepts slide mode" name="PageTransition Components PageTransition accepts slide mode" time="0.003">
    </testcase>
    <testcase classname="PageTransition Components PageTransition accepts scale mode" name="PageTransition Components PageTransition accepts scale mode" time="0.002">
    </testcase>
    <testcase classname="PageTransition Components PageTransition accepts slideUp mode" name="PageTransition Components PageTransition accepts slideUp mode" time="0.001">
    </testcase>
    <testcase classname="PageTransition Components FadeIn renders children" name="PageTransition Components FadeIn renders children" time="0.004">
    </testcase>
    <testcase classname="PageTransition Components FadeIn applies custom className" name="PageTransition Components FadeIn applies custom className" time="0.004">
    </testcase>
    <testcase classname="PageTransition Components FadeIn accepts delay prop" name="PageTransition Components FadeIn accepts delay prop" time="0.001">
    </testcase>
    <testcase classname="PageTransition Components FadeIn accepts duration prop" name="PageTransition Components FadeIn accepts duration prop" time="0">
    </testcase>
    <testcase classname="PageTransition Components StaggerContainer renders children" name="PageTransition Components StaggerContainer renders children" time="0.001">
    </testcase>
    <testcase classname="PageTransition Components StaggerContainer applies custom className" name="PageTransition Components StaggerContainer applies custom className" time="0">
    </testcase>
    <testcase classname="PageTransition Components StaggerContainer accepts staggerDelay prop" name="PageTransition Components StaggerContainer accepts staggerDelay prop" time="0">
    </testcase>
    <testcase classname="PageTransition Components StaggerItem renders children" name="PageTransition Components StaggerItem renders children" time="0.001">
    </testcase>
    <testcase classname="PageTransition Components StaggerItem applies custom className" name="PageTransition Components StaggerItem applies custom className" time="0">
    </testcase>
  </testsuite>
  <testsuite name="LanguageContext" errors="0" failures="0" skipped="0" timestamp="2025-12-18T08:40:36" time="0.201" tests="7">
    <testcase classname="LanguageContext provides default language (en)" name="LanguageContext provides default language (en)" time="0.075">
    </testcase>
    <testcase classname="LanguageContext provides list of available languages" name="LanguageContext provides list of available languages" time="0.008">
    </testcase>
    <testcase classname="LanguageContext allows setting language to French" name="LanguageContext allows setting language to French" time="0.005">
    </testcase>
    <testcase classname="LanguageContext allows setting language to English" name="LanguageContext allows setting language to English" time="0.002">
    </testcase>
    <testcase classname="LanguageContext toggleLanguage cycles through available languages" name="LanguageContext toggleLanguage cycles through available languages" time="0.003">
    </testcase>
    <testcase classname="LanguageContext provides translation object" name="LanguageContext provides translation object" time="0.004">
    </testcase>
    <testcase classname="LanguageContext throws error when useLanguage is used outside provider" name="LanguageContext throws error when useLanguage is used outside provider" time="0.025">
    </testcase>
  </testsuite>
  <testsuite name="BookmarkButton" errors="0" failures="0" skipped="0" timestamp="2025-12-18T08:40:36" time="0.328" tests="6">
    <testcase classname="BookmarkButton renders bookmark button" name="BookmarkButton renders bookmark button" time="0.042">
    </testcase>
    <testcase classname="BookmarkButton shows correct aria-label when not bookmarked" name="BookmarkButton shows correct aria-label when not bookmarked" time="0.004">
    </testcase>
    <testcase classname="BookmarkButton shows correct aria-label when bookmarked" name="BookmarkButton shows correct aria-label when bookmarked" time="0.005">
    </testcase>
    <testcase classname="BookmarkButton calls toggleBookmark when clicked" name="BookmarkButton calls toggleBookmark when clicked" time="0.023">
    </testcase>
    <testcase classname="BookmarkButton stops event propagation when clicked" name="BookmarkButton stops event propagation when clicked" time="0.015">
    </testcase>
    <testcase classname="BookmarkButton applies custom className" name="BookmarkButton applies custom className" time="0.004">
    </testcase>
  </testsuite>
  <testsuite name="Template" errors="0" failures="0" skipped="0" timestamp="2025-12-18T08:40:36" time="0.159" tests="4">
    <testcase classname="Template renders children with scroll progress" name="Template renders children with scroll progress" time="0.009">
    </testcase>
    <testcase classname="Template applies animation variants when motion is not reduced" name="Template applies animation variants when motion is not reduced" time="0.008">
    </testcase>
    <testcase classname="Template skips animation variants when reduced motion is preferred" name="Template skips animation variants when reduced motion is preferred" time="0.001">
    </testcase>
    <testcase classname="Template uses pathname as key for animations" name="Template uses pathname as key for animations" time="0.006">
    </testcase>
  </testsuite>
  <testsuite name="LoadingScreen" errors="0" failures="0" skipped="0" timestamp="2025-12-18T08:40:36" time="0.12" tests="5">
    <testcase classname="LoadingScreen renders loading screen initially" name="LoadingScreen renders loading screen initially" time="0.009">
    </testcase>
    <testcase classname="LoadingScreen shows Lottie animation when reduced motion is off" name="LoadingScreen shows Lottie animation when reduced motion is off" time="0.008">
    </testcase>
    <testcase classname="LoadingScreen shows loading text" name="LoadingScreen shows loading text" time="0.001">
    </testcase>
    <testcase classname="LoadingScreen hides after minDuration" name="LoadingScreen hides after minDuration" time="0.017">
    </testcase>
    <testcase classname="LoadingScreen uses default minDuration of 1500ms" name="LoadingScreen uses default minDuration of 1500ms" time="0.008">
    </testcase>
  </testsuite>
  <testsuite name="ThemeContext" errors="0" failures="0" skipped="0" timestamp="2025-12-18T08:40:36" time="0.135" tests="7">
    <testcase classname="ThemeContext provides default theme value" name="ThemeContext provides default theme value" time="0.017">
    </testcase>
    <testcase classname="ThemeContext applies custom default theme" name="ThemeContext applies custom default theme" time="0.001">
    </testcase>
    <testcase classname="ThemeContext allows setting theme to dark" name="ThemeContext allows setting theme to dark" time="0.003">
    </testcase>
    <testcase classname="ThemeContext allows setting theme to light" name="ThemeContext allows setting theme to light" time="0.002">
    </testcase>
    <testcase classname="ThemeContext uses custom storage key" name="ThemeContext uses custom storage key" time="0.001">
    </testcase>
    <testcase classname="ThemeContext restores theme from localStorage" name="ThemeContext restores theme from localStorage" time="0.002">
    </testcase>
    <testcase classname="ThemeContext returns initial state when used outside provider (context undefined check)" name="ThemeContext returns initial state when used outside provider (context undefined check)" time="0.001">
    </testcase>
  </testsuite>
  <testsuite name="Toast" errors="0" failures="0" skipped="0" timestamp="2025-12-18T08:40:36" time="0.233" tests="9">
    <testcase classname="Toast renders when isVisible is true" name="Toast renders when isVisible is true" time="0.043">
    </testcase>
    <testcase classname="Toast does not render when isVisible is false" name="Toast does not render when isVisible is false" time="0.004">
    </testcase>
    <testcase classname="Toast renders success toast with correct styling" name="Toast renders success toast with correct styling" time="0.005">
    </testcase>
    <testcase classname="Toast renders error toast with correct styling" name="Toast renders error toast with correct styling" time="0.023">
    </testcase>
    <testcase classname="Toast renders info toast with correct styling" name="Toast renders info toast with correct styling" time="0.002">
    </testcase>
    <testcase classname="Toast calls onClose after duration" name="Toast calls onClose after duration" time="0.001">
    </testcase>
    <testcase classname="Toast uses default duration of 4000ms" name="Toast uses default duration of 4000ms" time="0.001">
    </testcase>
    <testcase classname="Toast defaults to success type" name="Toast defaults to success type" time="0.002">
    </testcase>
    <testcase classname="Toast renders correct icon for each type" name="Toast renders correct icon for each type" time="0.013">
    </testcase>
  </testsuite>
  <testsuite name="Additional Coverage" errors="0" failures="0" skipped="0" timestamp="2025-12-18T08:40:36" time="0.152" tests="3">
    <testcase classname="Additional Coverage ClientCarousel renders carousel items" name="Additional Coverage ClientCarousel renders carousel items" time="0.047">
    </testcase>
    <testcase classname="Additional Coverage TableOfContents renders toc items and handles clicks" name="Additional Coverage TableOfContents renders toc items and handles clicks" time="0.014">
    </testcase>
    <testcase classname="Additional Coverage TableOfContents renders nothing if headings empty" name="Additional Coverage TableOfContents renders nothing if headings empty" time="0.001">
    </testcase>
  </testsuite>
  <testsuite name="Skeleton" errors="0" failures="0" skipped="0" timestamp="2025-12-18T08:40:36" time="0.154" tests="10">
    <testcase classname="Skeleton renders with default variant" name="Skeleton renders with default variant" time="0.01">
    </testcase>
    <testcase classname="Skeleton renders text variant" name="Skeleton renders text variant" time="0.014">
    </testcase>
    <testcase classname="Skeleton renders circle variant" name="Skeleton renders circle variant" time="0.001">
    </testcase>
    <testcase classname="Skeleton applies custom width and height" name="Skeleton applies custom width and height" time="0.009">
    </testcase>
    <testcase classname="Skeleton applies custom className" name="Skeleton applies custom className" time="0.002">
    </testcase>
    <testcase classname="Skeleton has aria-hidden for accessibility" name="Skeleton has aria-hidden for accessibility" time="0.001">
    </testcase>
    <testcase classname="ImageWithSkeleton renders image" name="ImageWithSkeleton renders image" time="0.003">
    </testcase>
    <testcase classname="ImageWithSkeleton shows skeleton initially" name="ImageWithSkeleton shows skeleton initially" time="0.002">
    </testcase>
    <testcase classname="ImageWithSkeleton applies custom className" name="ImageWithSkeleton applies custom className" time="0.001">
    </testcase>
    <testcase classname="ImageWithSkeleton renders with fill prop" name="ImageWithSkeleton renders with fill prop" time="0.005">
    </testcase>
  </testsuite>
  <testsuite name="TiltCard" errors="0" failures="0" skipped="0" timestamp="2025-12-18T08:40:36" time="0.161" tests="6">
    <testcase classname="TiltCard renders children" name="TiltCard renders children" time="0.008">
    </testcase>
    <testcase classname="TiltCard applies custom className" name="TiltCard applies custom className" time="0.004">
    </testcase>
    <testcase classname="TiltCard handles mouse move for tilt effect" name="TiltCard handles mouse move for tilt effect" time="0.005">
    </testcase>
    <testcase classname="TiltCard handles mouse leave" name="TiltCard handles mouse leave" time="0.001">
    </testcase>
    <testcase classname="TiltCard handles mouse enter" name="TiltCard handles mouse enter" time="0.001">
    </testcase>
    <testcase classname="TiltCard applies default styles" name="TiltCard applies default styles" time="0">
    </testcase>
  </testsuite>
  <testsuite name="JsonLd Components" errors="0" failures="0" skipped="0" timestamp="2025-12-18T08:40:36" time="0.127" tests="5">
    <testcase classname="JsonLd Components JsonLd renders JSON-LD script with data" name="JsonLd Components JsonLd renders JSON-LD script with data" time="0.006">
    </testcase>
    <testcase classname="JsonLd Components BreadcrumbJsonLd renders breadcrumb structured data" name="JsonLd Components BreadcrumbJsonLd renders breadcrumb structured data" time="0.007">
    </testcase>
    <testcase classname="JsonLd Components ArticleJsonLd renders article structured data" name="JsonLd Components ArticleJsonLd renders article structured data" time="0.002">
    </testcase>
    <testcase classname="JsonLd Components ArticleJsonLd uses datePublished as dateModified when not provided" name="JsonLd Components ArticleJsonLd uses datePublished as dateModified when not provided" time="0.001">
    </testcase>
    <testcase classname="JsonLd Components ArticleJsonLd uses provided dateModified when available" name="JsonLd Components ArticleJsonLd uses provided dateModified when available" time="0.001">
    </testcase>
  </testsuite>
  <testsuite name="Global Error Page" errors="0" failures="0" skipped="0" timestamp="2025-12-18T08:40:36" time="0.144" tests="7">
    <testcase classname="Global Error Page renders error message" name="Global Error Page renders error message" time="0.014">
    </testcase>
    <testcase classname="Global Error Page renders error description" name="Global Error Page renders error description" time="0.006">
    </testcase>
    <testcase classname="Global Error Page displays error.message in a code block" name="Global Error Page displays error.message in a code block" time="0.001">
    </testcase>
    <testcase classname="Global Error Page calls reset when Try again is clicked" name="Global Error Page calls reset when Try again is clicked" time="0.001">
    </testcase>
    <testcase classname="Global Error Page navigates home when Go Home is clicked" name="Global Error Page navigates home when Go Home is clicked" time="0.005">
    </testcase>
    <testcase classname="Global Error Page displays &quot;Unknown error&quot; when error.message is empty" name="Global Error Page displays &quot;Unknown error&quot; when error.message is empty" time="0.001">
    </testcase>
    <testcase classname="Global Error Page logs error to console on mount" name="Global Error Page logs error to console on mount" time="0.001">
    </testcase>
  </testsuite>
  <testsuite name="AnimatedCounter" errors="0" failures="0" skipped="0" timestamp="2025-12-18T08:40:36" time="0.17" tests="16">
    <testcase classname="AnimatedCounter renders with initial value 0 before intersection" name="AnimatedCounter renders with initial value 0 before intersection" time="0.009">
    </testcase>
    <testcase classname="AnimatedCounter starts observing element on mount" name="AnimatedCounter starts observing element on mount" time="0.003">
    </testcase>
    <testcase classname="AnimatedCounter respects reduced motion preference - shows value immediately" name="AnimatedCounter respects reduced motion preference - shows value immediately" time="0.002">
    </testcase>
    <testcase classname="AnimatedCounter renders with prefix and suffix on reduced motion" name="AnimatedCounter renders with prefix and suffix on reduced motion" time="0.006">
    </testcase>
    <testcase classname="AnimatedCounter renders prefix and suffix with initial value when not reduced motion" name="AnimatedCounter renders prefix and suffix with initial value when not reduced motion" time="0.002">
    </testcase>
    <testcase classname="AnimatedCounter handles string input safely" name="AnimatedCounter handles string input safely" time="0.002">
    </testcase>
    <testcase classname="AnimatedCounter applies custom className" name="AnimatedCounter applies custom className" time="0.002">
    </testcase>
    <testcase classname="AnimatedCounter disconnects observer on unmount" name="AnimatedCounter disconnects observer on unmount" time="0">
    </testcase>
    <testcase classname="AnimatedCounter handles negative value correctly" name="AnimatedCounter handles negative value correctly" time="0.001">
    </testcase>
    <testcase classname="AnimatedCounter handles zero value" name="AnimatedCounter handles zero value" time="0">
    </testcase>
    <testcase classname="AnimatedCounter handles NaN string value gracefully" name="AnimatedCounter handles NaN string value gracefully" time="0.001">
    </testcase>
    <testcase classname="AnimatedCounter triggers animation when element comes into view" name="AnimatedCounter triggers animation when element comes into view" time="0.001">
    </testcase>
    <testcase classname="AnimatedCounter does not restart animation when scrolled out and back in" name="AnimatedCounter does not restart animation when scrolled out and back in" time="0.01">
    </testcase>
    <testcase classname="AnimatedCounter handles unmount gracefully" name="AnimatedCounter handles unmount gracefully" time="0.001">
    </testcase>
    <testcase classname="AnimatedCounter default props uses default duration of 2000ms" name="AnimatedCounter default props uses default duration of 2000ms" time="0.002">
    </testcase>
    <testcase classname="AnimatedCounter default props works without prefix and suffix" name="AnimatedCounter default props works without prefix and suffix" time="0.002">
    </testcase>
  </testsuite>
  <testsuite name="Logo Component" errors="0" failures="0" skipped="0" timestamp="2025-12-18T08:40:36" time="0.137" tests="4">
    <testcase classname="Logo Component renders an SVG element" name="Logo Component renders an SVG element" time="0.01">
    </testcase>
    <testcase classname="Logo Component applies additional className when provided" name="Logo Component applies additional className when provided" time="0.018">
    </testcase>
    <testcase classname="Logo Component has default width and height classes" name="Logo Component has default width and height classes" time="0.002">
    </testcase>
    <testcase classname="Logo Component renders path elements with fill-primary class" name="Logo Component renders path elements with fill-primary class" time="0.001">
    </testcase>
  </testsuite>
  <testsuite name="Error Page" errors="0" failures="0" skipped="0" timestamp="2025-12-18T08:40:36" time="0.172" tests="5">
    <testcase classname="Error Page renders error message" name="Error Page renders error message" time="0.014">
    </testcase>
    <testcase classname="Error Page renders description text" name="Error Page renders description text" time="0.001">
    </testcase>
    <testcase classname="Error Page renders try again button" name="Error Page renders try again button" time="0.001">
    </testcase>
    <testcase classname="Error Page calls reset when try again is clicked" name="Error Page calls reset when try again is clicked" time="0.014">
    </testcase>
    <testcase classname="Error Page logs error to console on mount" name="Error Page logs error to console on mount" time="0.002">
    </testcase>
  </testsuite>
  <testsuite name="posts" errors="0" failures="0" skipped="0" timestamp="2025-12-18T08:40:36" time="0.158" tests="15">
    <testcase classname="posts getSortedPostsData returns empty array when posts directory does not exist" name="posts getSortedPostsData returns empty array when posts directory does not exist" time="0">
    </testcase>
    <testcase classname="posts getSortedPostsData returns parsed posts sorted by date descending" name="posts getSortedPostsData returns parsed posts sorted by date descending" time="0.002">
    </testcase>
    <testcase classname="posts getSortedPostsData handles posts without category by defaulting to General" name="posts getSortedPostsData handles posts without category by defaulting to General" time="0">
    </testcase>
    <testcase classname="posts getSortedPostsData handles posts without tags by defaulting to empty array" name="posts getSortedPostsData handles posts without tags by defaulting to empty array" time="0.001">
    </testcase>
    <testcase classname="posts getPostData returns null for non-existent post" name="posts getPostData returns null for non-existent post" time="0">
    </testcase>
    <testcase classname="posts getPostData returns post data for existing post" name="posts getPostData returns post data for existing post" time="0">
    </testcase>
    <testcase classname="posts getPostSlugs returns empty array when posts directory does not exist" name="posts getPostSlugs returns empty array when posts directory does not exist" time="0">
    </testcase>
    <testcase classname="posts getPostSlugs returns list of slugs from md files" name="posts getPostSlugs returns list of slugs from md files" time="0">
    </testcase>
    <testcase classname="posts extractHeadings extracts h1 and h2 headings by default (maxLevel=2)" name="posts extractHeadings extracts h1 and h2 headings by default (maxLevel=2)" time="0.001">
    </testcase>
    <testcase classname="posts extractHeadings respects maxLevel parameter" name="posts extractHeadings respects maxLevel parameter" time="0">
    </testcase>
    <testcase classname="posts extractHeadings generates URL-friendly IDs" name="posts extractHeadings generates URL-friendly IDs" time="0">
    </testcase>
    <testcase classname="posts extractHeadings handles multiple dashes" name="posts extractHeadings handles multiple dashes" time="0">
    </testcase>
    <testcase classname="posts extractHeadings returns empty array for no headings" name="posts extractHeadings returns empty array for no headings" time="0">
    </testcase>
    <testcase classname="posts extractHeadings handles heading with only level 1" name="posts extractHeadings handles heading with only level 1" time="0">
    </testcase>
    <testcase classname="posts extractHeadings skips headings beyond maxLevel" name="posts extractHeadings skips headings beyond maxLevel" time="0">
    </testcase>
  </testsuite>
  <testsuite name="TechCarousel" errors="0" failures="0" skipped="0" timestamp="2025-12-18T08:40:36" time="0.144" tests="5">
    <testcase classname="TechCarousel renders the carousel container" name="TechCarousel renders the carousel container" time="0.013">
    </testcase>
    <testcase classname="TechCarousel renders tech items with their names" name="TechCarousel renders tech items with their names" time="0.004">
    </testcase>
    <testcase classname="TechCarousel renders gradient overlays for fade effect" name="TechCarousel renders gradient overlays for fade effect" time="0.006">
    </testcase>
    <testcase classname="TechCarousel renders icon elements with mask styles" name="TechCarousel renders icon elements with mask styles" time="0.002">
    </testcase>
    <testcase classname="TechCarousel renders animation container for infinite scroll" name="TechCarousel renders animation container for infinite scroll" time="0.001">
    </testcase>
  </testsuite>
  <testsuite name="SEO Components" errors="0" failures="0" skipped="0" timestamp="2025-12-18T08:40:36" time="0.152" tests="2">
    <testcase classname="SEO Components JsonLd renders valid JSON-LD" name="SEO Components JsonLd renders valid JSON-LD" time="0.01">
    </testcase>
    <testcase classname="SEO Components BreadcrumbJsonLd renders breadcrumb schema" name="SEO Components BreadcrumbJsonLd renders breadcrumb schema" time="0.001">
    </testcase>
  </testsuite>
  <testsuite name="ReadingProgress" errors="0" failures="0" skipped="0" timestamp="2025-12-18T08:40:36" time="0.128" tests="2">
    <testcase classname="ReadingProgress renders progress bar by default" name="ReadingProgress renders progress bar by default" time="0.026">
    </testcase>
    <testcase classname="ReadingProgress returns null when reduced motion is preferred" name="ReadingProgress returns null when reduced motion is preferred" time="0.001">
    </testcase>
  </testsuite>
  <testsuite name="FeatureFlags" errors="0" failures="0" skipped="0" timestamp="2025-12-18T08:40:36" time="0.199" tests="11">
    <testcase classname="FeatureFlags FeatureFlagProvider provides default flags" name="FeatureFlags FeatureFlagProvider provides default flags" time="0.003">
    </testcase>
    <testcase classname="FeatureFlags FeatureFlagProvider merges initial flags with defaults" name="FeatureFlags FeatureFlagProvider merges initial flags with defaults" time="0.002">
    </testcase>
    <testcase classname="FeatureFlags FeatureFlagProvider handles corrupted localStorage data gracefully" name="FeatureFlags FeatureFlagProvider handles corrupted localStorage data gracefully" time="0">
    </testcase>
    <testcase classname="FeatureFlags FeatureFlagProvider loads flags from localStorage when available" name="FeatureFlags FeatureFlagProvider loads flags from localStorage when available" time="0.001">
    </testcase>
    <testcase classname="FeatureFlags FeatureFlagProvider returns false for unknown flags" name="FeatureFlags FeatureFlagProvider returns false for unknown flags" time="0">
    </testcase>
    <testcase classname="FeatureFlags useFeatureFlags returns fallback when outside provider" name="FeatureFlags useFeatureFlags returns fallback when outside provider" time="0.001">
    </testcase>
    <testcase classname="FeatureFlags useFeatureFlags isEnabled returns correct value" name="FeatureFlags useFeatureFlags isEnabled returns correct value" time="0.002">
    </testcase>
    <testcase classname="FeatureFlags useFeatureFlags setFlag updates flag value" name="FeatureFlags useFeatureFlags setFlag updates flag value" time="0.044">
    </testcase>
    <testcase classname="FeatureFlags Feature component renders children when flag is enabled" name="FeatureFlags Feature component renders children when flag is enabled" time="0.01">
    </testcase>
    <testcase classname="FeatureFlags Feature component renders fallback when flag is disabled" name="FeatureFlags Feature component renders fallback when flag is disabled" time="0">
    </testcase>
    <testcase classname="FeatureFlags Feature component renders nothing when disabled and no fallback" name="FeatureFlags Feature component renders nothing when disabled and no fallback" time="0.001">
    </testcase>
  </testsuite>
  <testsuite name="ShareButtons" errors="0" failures="0" skipped="0" timestamp="2025-12-18T08:40:36" time="0.19" tests="5">
    <testcase classname="ShareButtons renders share buttons" name="ShareButtons renders share buttons" time="0.016">
    </testcase>
    <testcase classname="ShareButtons has correct share links" name="ShareButtons has correct share links" time="0.008">
    </testcase>
    <testcase classname="ShareButtons copies link to clipboard when copy button is clicked" name="ShareButtons copies link to clipboard when copy button is clicked" time="0.006">
    </testcase>
    <testcase classname="ShareButtons shows check icon after copying" name="ShareButtons shows check icon after copying" time="0.006">
    </testcase>
    <testcase classname="ShareButtons applies custom className" name="ShareButtons applies custom className" time="0.002">
    </testcase>
  </testsuite>
  <testsuite name="Comments Component" errors="0" failures="0" skipped="0" timestamp="2025-12-18T08:40:36" time="0.16" tests="4">
    <testcase classname="Comments Component renders the comments section" name="Comments Component renders the comments section" time="0.035">
    </testcase>
    <testcase classname="Comments Component passes light theme to Giscus when current theme is light" name="Comments Component passes light theme to Giscus when current theme is light" time="0.005">
    </testcase>
    <testcase classname="Comments Component passes dark theme to Giscus when current theme is dark" name="Comments Component passes dark theme to Giscus when current theme is dark" time="0">
    </testcase>
    <testcase classname="Comments Component does not render if repo config is missing" name="Comments Component does not render if repo config is missing" time="0.001">
    </testcase>
  </testsuite>
  <testsuite name="Skills Component" errors="0" failures="0" skipped="0" timestamp="2025-12-18T08:40:34" time="2.148" tests="19">
    <testcase classname="Skills Component renders the skills section title" name="Skills Component renders the skills section title" time="0.079">
    </testcase>
    <testcase classname="Skills Component renders professional skills" name="Skills Component renders professional skills" time="0.077">
    </testcase>
    <testcase classname="Skills Component renders technical skill categories" name="Skills Component renders technical skill categories" time="0.053">
    </testcase>
    <testcase classname="Skills Component toggles technical skill category on click" name="Skills Component toggles technical skill category on click" time="0.057">
    </testcase>
    <testcase classname="Skills Component renders All filter button" name="Skills Component renders All filter button" time="0.19">
    </testcase>
    <testcase classname="Skills Component applies filter when clicking category filter" name="Skills Component applies filter when clicking category filter" time="0.083">
    </testcase>
    <testcase classname="Skills Component clears filter when clicking Clear button" name="Skills Component clears filter when clicking Clear button" time="0.102">
    </testcase>
    <testcase classname="Skills Component collapses expanded category on second click" name="Skills Component collapses expanded category on second click" time="0.106">
    </testcase>
    <testcase classname="Skills Component renders in mobile view when window is narrow" name="Skills Component renders in mobile view when window is narrow" time="0.029">
    </testcase>
    <testcase classname="Skills Component Mobile Tag Cloud renders mobile tag cloud with all skills" name="Skills Component Mobile Tag Cloud renders mobile tag cloud with all skills" time="0.043">
    </testcase>
    <testcase classname="Skills Component Mobile Tag Cloud renders category legend in mobile view" name="Skills Component Mobile Tag Cloud renders category legend in mobile view" time="0.039">
    </testcase>
    <testcase classname="Skills Component Skill Icon Mapping renders skill icons for professional skills" name="Skills Component Skill Icon Mapping renders skill icons for professional skills" time="0.021">
    </testcase>
    <testcase classname="Skills Component Skill Icon Mapping renders code icons for technical skills" name="Skills Component Skill Icon Mapping renders code icons for technical skills" time="0.026">
    </testcase>
    <testcase classname="Skills Component Category Toggle toggles category expanded state on click" name="Skills Component Category Toggle toggles category expanded state on click" time="0.167">
    </testcase>
    <testcase classname="Skills Component Category Toggle expands multiple categories simultaneously" name="Skills Component Category Toggle expands multiple categories simultaneously" time="0.101">
    </testcase>
    <testcase classname="Skills Component Skill Tag Interactions shows tooltip on skill hover" name="Skills Component Skill Tag Interactions shows tooltip on skill hover" time="0.033">
    </testcase>
    <testcase classname="Skills Component Filter Interactions toggles same filter off when clicked twice" name="Skills Component Filter Interactions toggles same filter off when clicked twice" time="0.097">
    </testcase>
    <testcase classname="Skills Component Filter Interactions clicking All button resets filter" name="Skills Component Filter Interactions clicking All button resets filter" time="0.115">
    </testcase>
    <testcase classname="Skills Component Reduced Motion renders without animations when reduced motion preferred" name="Skills Component Reduced Motion renders without animations when reduced motion preferred" time="0.032">
    </testcase>
  </testsuite>
  <testsuite name="Store utilities" errors="0" failures="0" skipped="0" timestamp="2025-12-18T08:40:36" time="0.114" tests="13">
    <testcase classname="Store utilities createStore creates store with initial state" name="Store utilities createStore creates store with initial state" time="0">
    </testcase>
    <testcase classname="Store utilities createStore updates state with value" name="Store utilities createStore updates state with value" time="0.001">
    </testcase>
    <testcase classname="Store utilities createStore updates state with updater function" name="Store utilities createStore updates state with updater function" time="0">
    </testcase>
    <testcase classname="Store utilities createStore notifies subscribers on state change" name="Store utilities createStore notifies subscribers on state change" time="0">
    </testcase>
    <testcase classname="Store utilities createStore does not notify when state is same" name="Store utilities createStore does not notify when state is same" time="0">
    </testcase>
    <testcase classname="Store utilities createStore unsubscribes correctly" name="Store utilities createStore unsubscribes correctly" time="0">
    </testcase>
    <testcase classname="Store utilities useStore returns current state" name="Store utilities useStore returns current state" time="0.001">
    </testcase>
    <testcase classname="Store utilities useStore updates when state changes" name="Store utilities useStore updates when state changes" time="0.011">
    </testcase>
    <testcase classname="Store utilities createPersistedStore creates store with initial state" name="Store utilities createPersistedStore creates store with initial state" time="0.003">
    </testcase>
    <testcase classname="Store utilities createPersistedStore persists state to localStorage" name="Store utilities createPersistedStore persists state to localStorage" time="0">
    </testcase>
    <testcase classname="Store utilities createPersistedStore loads state from localStorage" name="Store utilities createPersistedStore loads state from localStorage" time="0">
    </testcase>
    <testcase classname="Store utilities useDerivedState returns derived value from store state" name="Store utilities useDerivedState returns derived value from store state" time="0">
    </testcase>
    <testcase classname="Store utilities useDerivedState selector works with updated state" name="Store utilities useDerivedState selector works with updated state" time="0.001">
    </testcase>
  </testsuite>
  <testsuite name="useBookmarks" errors="0" failures="0" skipped="0" timestamp="2025-12-18T08:40:36" time="0.132" tests="7">
    <testcase classname="useBookmarks initializes with empty bookmarks" name="useBookmarks initializes with empty bookmarks" time="0.007">
    </testcase>
    <testcase classname="useBookmarks adds a bookmark" name="useBookmarks adds a bookmark" time="0.008">
    </testcase>
    <testcase classname="useBookmarks removes a bookmark" name="useBookmarks removes a bookmark" time="0.001">
    </testcase>
    <testcase classname="useBookmarks toggles bookmark on and off" name="useBookmarks toggles bookmark on and off" time="0.001">
    </testcase>
    <testcase classname="useBookmarks checks if post is bookmarked" name="useBookmarks checks if post is bookmarked" time="0">
    </testcase>
    <testcase classname="useBookmarks clears all bookmarks" name="useBookmarks clears all bookmarks" time="0">
    </testcase>
    <testcase classname="useBookmarks does not add duplicate bookmarks" name="useBookmarks does not add duplicate bookmarks" time="0.007">
    </testcase>
  </testsuite>
  <testsuite name="Markdown Components" errors="0" failures="0" skipped="0" timestamp="2025-12-18T08:40:36" time="0.177" tests="8">
    <testcase classname="Markdown Components renders img with BlurImage" name="Markdown Components renders img with BlurImage" time="0.032">
    </testcase>
    <testcase classname="Markdown Components renders img fallback without src/alt" name="Markdown Components renders img fallback without src/alt" time="0.006">
    </testcase>
    <testcase classname="Markdown Components renders blockquote" name="Markdown Components renders blockquote" time="0.003">
    </testcase>
    <testcase classname="Markdown Components renders headers with generated IDs" name="Markdown Components renders headers with generated IDs" time="0.002">
    </testcase>
    <testcase classname="Markdown Components renders link with target blank" name="Markdown Components renders link with target blank" time="0.005">
    </testcase>
    <testcase classname="Markdown Components renders inline code" name="Markdown Components renders inline code" time="0.004">
    </testcase>
    <testcase classname="Markdown Components renders code block" name="Markdown Components renders code block" time="0.005">
    </testcase>
    <testcase classname="Markdown Components renders pre" name="Markdown Components renders pre" time="0.002">
    </testcase>
  </testsuite>
  <testsuite name="useRating" errors="0" failures="0" skipped="0" timestamp="2025-12-18T08:40:36" time="0.149" tests="13">
    <testcase classname="useRating initializes with default values and generates guestId" name="useRating initializes with default values and generates guestId" time="0.007">
    </testcase>
    <testcase classname="useRating uses existing guestId if present" name="useRating uses existing guestId if present" time="0.001">
    </testcase>
    <testcase classname="useRating sets and persists a rating with guestId" name="useRating sets and persists a rating with guestId" time="0.001">
    </testcase>
    <testcase classname="useRating respects initialRating as admin seed" name="useRating respects initialRating as admin seed" time="0.001">
    </testcase>
    <testcase classname="useRating updates aggregate when using initialRating seed" name="useRating updates aggregate when using initialRating seed" time="0.001">
    </testcase>
    <testcase classname="useRating clamps rating to max value" name="useRating clamps rating to max value" time="0">
    </testcase>
    <testcase classname="useRating clamps rating to minimum of 1" name="useRating clamps rating to minimum of 1" time="0.001">
    </testcase>
    <testcase classname="useRating updates existing rating without changing count" name="useRating updates existing rating without changing count" time="0.013">
    </testcase>
    <testcase classname="useRating resets rating correctly" name="useRating resets rating correctly" time="0.001">
    </testcase>
    <testcase classname="useRating loads existing rating from localStorage" name="useRating loads existing rating from localStorage" time="0">
    </testcase>
    <testcase classname="useRating uses custom storage key" name="useRating uses custom storage key" time="0.001">
    </testcase>
    <testcase classname="useRating handles localStorage errors gracefully" name="useRating handles localStorage errors gracefully" time="0">
    </testcase>
    <testcase classname="useRating handles different posts independently" name="useRating handles different posts independently" time="0.005">
    </testcase>
  </testsuite>
  <testsuite name="POST /api/chat" errors="0" failures="0" skipped="0" timestamp="2025-12-18T08:40:36" time="0.12" tests="4">
    <testcase classname="POST /api/chat returns 400 if messages are missing" name="POST /api/chat returns 400 if messages are missing" time="0.002">
    </testcase>
    <testcase classname="POST /api/chat returns 500 if GROQ_API_KEY is not configured" name="POST /api/chat returns 500 if GROQ_API_KEY is not configured" time="0">
    </testcase>
    <testcase classname="POST /api/chat returns 500 if upstream API fails" name="POST /api/chat returns 500 if upstream API fails" time="0.001">
    </testcase>
    <testcase classname="POST /api/chat returns 200 and streams response on success" name="POST /api/chat returns 200 and streams response on success" time="0.002">
    </testcase>
  </testsuite>
  <testsuite name="BlurImage" errors="0" failures="0" skipped="0" timestamp="2025-12-18T08:40:36" time="0.132" tests="5">
    <testcase classname="BlurImage renders image with src and alt" name="BlurImage renders image with src and alt" time="0.01">
    </testcase>
    <testcase classname="BlurImage applies custom className" name="BlurImage applies custom className" time="0.001">
    </testcase>
    <testcase classname="BlurImage handles image load event" name="BlurImage handles image load event" time="0.005">
    </testcase>
    <testcase classname="BlurImage renders with fill prop" name="BlurImage renders with fill prop" time="0">
    </testcase>
    <testcase classname="BlurImage renders with width and height props" name="BlurImage renders with width and height props" time="0.001">
    </testcase>
  </testsuite>
  <testsuite name="colorContrast" errors="0" failures="0" skipped="0" timestamp="2025-12-18T08:40:36" time="0.069" tests="19">
    <testcase classname="colorContrast getLuminance returns 0 for black" name="colorContrast getLuminance returns 0 for black" time="0">
    </testcase>
    <testcase classname="colorContrast getLuminance returns 1 for white" name="colorContrast getLuminance returns 1 for white" time="0">
    </testcase>
    <testcase classname="colorContrast getLuminance returns correct luminance for red" name="colorContrast getLuminance returns correct luminance for red" time="0">
    </testcase>
    <testcase classname="colorContrast getLuminance returns correct luminance for green" name="colorContrast getLuminance returns correct luminance for green" time="0">
    </testcase>
    <testcase classname="colorContrast getContrastRatio returns 21:1 for black on white" name="colorContrast getContrastRatio returns 21:1 for black on white" time="0">
    </testcase>
    <testcase classname="colorContrast getContrastRatio returns 1:1 for same colors" name="colorContrast getContrastRatio returns 1:1 for same colors" time="0">
    </testcase>
    <testcase classname="colorContrast hexToRgb parses hex color correctly" name="colorContrast hexToRgb parses hex color correctly" time="0">
    </testcase>
    <testcase classname="colorContrast hexToRgb parses without hash" name="colorContrast hexToRgb parses without hash" time="0">
    </testcase>
    <testcase classname="colorContrast hexToRgb returns null for invalid hex" name="colorContrast hexToRgb returns null for invalid hex" time="0.001">
    </testcase>
    <testcase classname="colorContrast meetsWcagAA returns true for black on white (normal text)" name="colorContrast meetsWcagAA returns true for black on white (normal text)" time="0.002">
    </testcase>
    <testcase classname="colorContrast meetsWcagAA returns false for low contrast" name="colorContrast meetsWcagAA returns false for low contrast" time="0.001">
    </testcase>
    <testcase classname="colorContrast meetsWcagAA uses 3:1 ratio for large text" name="colorContrast meetsWcagAA uses 3:1 ratio for large text" time="0">
    </testcase>
    <testcase classname="colorContrast meetsWcagAA returns false for invalid colors" name="colorContrast meetsWcagAA returns false for invalid colors" time="0">
    </testcase>
    <testcase classname="colorContrast meetsWcagAAA returns true for black on white (normal text)" name="colorContrast meetsWcagAAA returns true for black on white (normal text)" time="0">
    </testcase>
    <testcase classname="colorContrast meetsWcagAAA returns false for 4.5:1 contrast on normal text" name="colorContrast meetsWcagAAA returns false for 4.5:1 contrast on normal text" time="0">
    </testcase>
    <testcase classname="colorContrast meetsWcagAAA returns true for 4.5:1 on large text (AAA standard)" name="colorContrast meetsWcagAAA returns true for 4.5:1 on large text (AAA standard)" time="0">
    </testcase>
    <testcase classname="colorContrast auditPortfolioColors returns results for both themes" name="colorContrast auditPortfolioColors returns results for both themes" time="0.001">
    </testcase>
    <testcase classname="colorContrast auditPortfolioColors includes foreground/background pair" name="colorContrast auditPortfolioColors includes foreground/background pair" time="0">
    </testcase>
    <testcase classname="colorContrast auditPortfolioColors all foreground/background pairs pass WCAG AA" name="colorContrast auditPortfolioColors all foreground/background pairs pass WCAG AA" time="0">
    </testcase>
  </testsuite>
  <testsuite name="Library Utils" errors="0" failures="0" skipped="0" timestamp="2025-12-18T08:40:36" time="0.06" tests="4">
    <testcase classname="Library Utils string-utils slugify converts text to slug" name="Library Utils string-utils slugify converts text to slug" time="0">
    </testcase>
    <testcase classname="Library Utils string-utils slugify handles special characters" name="Library Utils string-utils slugify handles special characters" time="0">
    </testcase>
    <testcase classname="Library Utils string-utils slugify handles multiple spaces and hyphens" name="Library Utils string-utils slugify handles multiple spaces and hyphens" time="0">
    </testcase>
    <testcase classname="Library Utils string-utils slugify handles mostly non-word chars" name="Library Utils string-utils slugify handles mostly non-word chars" time="0">
    </testcase>
  </testsuite>
  <testsuite name="TypingIndicator" errors="0" failures="0" skipped="0" timestamp="2025-12-18T08:40:36" time="0.071" tests="2">
    <testcase classname="TypingIndicator renders Lottie animation when reduced motion is off" name="TypingIndicator renders Lottie animation when reduced motion is off" time="0.003">
    </testcase>
    <testcase classname="TypingIndicator has correct container styling" name="TypingIndicator has correct container styling" time="0.001">
    </testcase>
  </testsuite>
  <testsuite name="ScrollReveal" errors="0" failures="0" skipped="0" timestamp="2025-12-18T08:40:36" time="0.095" tests="6">
    <testcase classname="ScrollReveal renders children" name="ScrollReveal renders children" time="0.005">
    </testcase>
    <testcase classname="ScrollReveal applies custom className" name="ScrollReveal applies custom className" time="0.001">
    </testcase>
    <testcase classname="ScrollReveal renders with different animation directions" name="ScrollReveal renders with different animation directions" time="0.006">
    </testcase>
    <testcase classname="ScrollReveal accepts delay prop" name="ScrollReveal accepts delay prop" time="0">
    </testcase>
    <testcase classname="ScrollReveal accepts duration prop" name="ScrollReveal accepts duration prop" time="0.001">
    </testcase>
    <testcase classname="ScrollReveal accepts threshold prop" name="ScrollReveal accepts threshold prop" time="0.001">
    </testcase>
  </testsuite>
  <testsuite name="Portfolio Component" errors="0" failures="0" skipped="0" timestamp="2025-12-18T08:40:36" time="0.105" tests="1">
    <testcase classname="Portfolio Component renders portfolio projects" name="Portfolio Component renders portfolio projects" time="0.008">
    </testcase>
  </testsuite>
  <testsuite name="API Routes" errors="0" failures="0" skipped="0" timestamp="2025-12-18T08:40:36" time="0.086" tests="2">
    <testcase classname="API Routes RSS Feed (feed.xml) generates RSS feed" name="API Routes RSS Feed (feed.xml) generates RSS feed" time="0.002">
    </testcase>
    <testcase classname="API Routes Sitemap generates sitemap entries" name="API Routes Sitemap generates sitemap entries" time="0.001">
    </testcase>
  </testsuite>
</testsuites>